Component: ARM Compiler 5.06 update 7 (build 960) Tool: armlink [4d3601]

==============================================================================

Section Cross References

    system_stm32f4xx.o(i.SystemCoreClockUpdate) refers to system_stm32f4xx.o(.data) for SystemCoreClock
    system_stm32f4xx.o(i.SystemInit) refers to system_stm32f4xx.o(i.SetSysClock) for SetSysClock
    system_timetick.o(i.SysTick_Handler) refers to system_timetick.o(.data) for tick_flag
    startup_stm32f407xx.o(STACK) refers (Special) to heapauxi.o(.text) for __use_two_region_memory
    startup_stm32f407xx.o(HEAP) refers (Special) to heapauxi.o(.text) for __use_two_region_memory
    startup_stm32f407xx.o(RESET) refers (Special) to heapauxi.o(.text) for __use_two_region_memory
    startup_stm32f407xx.o(RESET) refers to startup_stm32f407xx.o(STACK) for __initial_sp
    startup_stm32f407xx.o(RESET) refers to startup_stm32f407xx.o(.text) for Reset_Handler
    startup_stm32f407xx.o(RESET) refers to system_timetick.o(i.NMI_Handler) for NMI_Handler
    startup_stm32f407xx.o(RESET) refers to system_timetick.o(i.HardFault_Handler) for HardFault_Handler
    startup_stm32f407xx.o(RESET) refers to system_timetick.o(i.MemManage_Handler) for MemManage_Handler
    startup_stm32f407xx.o(RESET) refers to system_timetick.o(i.BusFault_Handler) for BusFault_Handler
    startup_stm32f407xx.o(RESET) refers to system_timetick.o(i.UsageFault_Handler) for UsageFault_Handler
    startup_stm32f407xx.o(RESET) refers to system_timetick.o(i.SVC_Handler) for SVC_Handler
    startup_stm32f407xx.o(RESET) refers to system_timetick.o(i.DebugMon_Handler) for DebugMon_Handler
    startup_stm32f407xx.o(RESET) refers to system_timetick.o(i.PendSV_Handler) for PendSV_Handler
    startup_stm32f407xx.o(RESET) refers to system_timetick.o(i.SysTick_Handler) for SysTick_Handler
    startup_stm32f407xx.o(RESET) refers to driver.o(i.DMA1_Stream2_IRQHandler) for DMA1_Stream2_IRQHandler
    startup_stm32f407xx.o(RESET) refers to driver.o(i.TIM3_IRQHandler) for TIM3_IRQHandler
    startup_stm32f407xx.o(RESET) refers to driver.o(i.TIM5_IRQHandler) for TIM5_IRQHandler
    startup_stm32f407xx.o(.text) refers (Special) to heapauxi.o(.text) for __use_two_region_memory
    startup_stm32f407xx.o(.text) refers to system_stm32f4xx.o(i.SystemInit) for SystemInit
    startup_stm32f407xx.o(.text) refers to __main.o(!!!main) for __main
    startup_stm32f407xx.o(.text) refers to startup_stm32f407xx.o(HEAP) for Heap_Mem
    startup_stm32f407xx.o(.text) refers to startup_stm32f407xx.o(STACK) for Stack_Mem
    driver.o(i.DMA1_Stream2_IRQHandler) refers to stm32f4xx_dma.o(i.DMA_ClearITPendingBit) for DMA_ClearITPendingBit
    driver.o(i.DMA1_Stream2_IRQHandler) refers to driver.o(i.chuyenma) for chuyenma
    driver.o(i.DMA1_Stream2_IRQHandler) refers to basic.o(x$fpl$basic) for __aeabi_dneg
    driver.o(i.DMA1_Stream2_IRQHandler) refers to stm32f4xx_dma.o(i.DMA_Cmd) for DMA_Cmd
    driver.o(i.DMA1_Stream2_IRQHandler) refers to driver.o(.data) for Data_Recieve
    driver.o(i.Deg2Pulse) refers to dflt_clz.o(x$fpl$dfltu) for __aeabi_ui2d
    driver.o(i.Deg2Pulse) refers to dmul.o(x$fpl$dmul) for __aeabi_dmul
    driver.o(i.Deg2Pulse) refers to daddsub_clz.o(x$fpl$dadd) for __aeabi_dadd
    driver.o(i.Deg2Pulse) refers to dfixu.o(x$fpl$dfixu) for __aeabi_d2uiz
    driver.o(i.Deg2Pulse) refers to driver.o(.data) for a
    driver.o(i.Encoder_GetPosition) refers to driver.o(.data) for p
    driver.o(i.PID_SpeedController) refers to daddsub_clz.o(x$fpl$dsub) for __aeabi_dsub
    driver.o(i.PID_SpeedController) refers to dmul.o(x$fpl$dmul) for __aeabi_dmul
    driver.o(i.PID_SpeedController) refers to daddsub_clz.o(x$fpl$dadd) for __aeabi_dadd
    driver.o(i.PID_SpeedController) refers to daddsub_clz.o(x$fpl$drsb) for __aeabi_drsub
    driver.o(i.PID_SpeedController) refers to ddiv.o(x$fpl$ddiv) for __aeabi_ddiv
    driver.o(i.PID_SpeedController) refers to drleqf.o(x$fpl$drleqf) for __aeabi_cdrcmple
    driver.o(i.PID_SpeedController) refers to dleqf.o(x$fpl$dleqf) for __aeabi_cdcmple
    driver.o(i.PID_SpeedController) refers to dflt_clz.o(x$fpl$dflt) for __aeabi_i2d
    driver.o(i.PID_SpeedController) refers to dfix.o(x$fpl$dfix) for __aeabi_d2iz
    driver.o(i.PID_SpeedController) refers to driver.o(i.PWM0_Set_Freq) for PWM0_Set_Freq
    driver.o(i.PID_SpeedController) refers to driver.o(i.PWM0_Set_Duty) for PWM0_Set_Duty
    driver.o(i.PID_SpeedController) refers to driver.o(.data) for Output
    driver.o(i.PWM0_Set_Duty) refers to stm32f4xx_gpio.o(i.GPIO_ResetBits) for GPIO_ResetBits
    driver.o(i.PWM0_Set_Duty) refers to stm32f4xx_gpio.o(i.GPIO_SetBits) for GPIO_SetBits
    driver.o(i.TIM3_IRQHandler) refers to stm32f4xx_tim.o(i.TIM_GetITStatus) for TIM_GetITStatus
    driver.o(i.TIM3_IRQHandler) refers to stm32f4xx_tim.o(i.TIM_GetCapture4) for TIM_GetCapture4
    driver.o(i.TIM3_IRQHandler) refers to dflt_clz.o(x$fpl$dflt) for __aeabi_i2d
[...]
    Removing stm32f4xx_tim.o(i.TIM_SelectSlaveMode), (18 bytes).
    Removing stm32f4xx_tim.o(i.TIM_SetAutoreload), (4 bytes).
    Removing stm32f4xx_tim.o(i.TIM_SetClockDivision), (18 bytes).
    Removing stm32f4xx_tim.o(i.TIM_SetCompare1), (4 bytes).
    Removing stm32f4xx_tim.o(i.TIM_SetCompare2), (4 bytes).
    Removing stm32f4xx_tim.o(i.TIM_SetCompare3), (4 bytes).
    Removing stm32f4xx_tim.o(i.TIM_SetCompare4), (4 bytes).
    Removing stm32f4xx_tim.o(i.TIM_SetCounter), (4 bytes).
    Removing stm32f4xx_tim.o(i.TIM_TIxExternalClockConfig), (62 bytes).
    Removing stm32f4xx_tim.o(i.TIM_TimeBaseStructInit), (18 bytes).
    Removing stm32f4xx_tim.o(i.TIM_UpdateDisableConfig), (24 bytes).
    Removing stm32f4xx_tim.o(i.TIM_UpdateRequestConfig), (24 bytes).
    Removing stm32f4xx_usart.o(.rev16_text), (4 bytes).
    Removing stm32f4xx_usart.o(.revsh_text), (4 bytes).
    Removing stm32f4xx_usart.o(.rrx_text), (6 bytes).
    Removing stm32f4xx_usart.o(i.USART_ClearFlag), (18 bytes).
    Removing stm32f4xx_usart.o(i.USART_ClearITPendingBit), (30 bytes).
    Removing stm32f4xx_usart.o(i.USART_ClockInit), (32 bytes).
    Removing stm32f4xx_usart.o(i.USART_ClockStructInit), (12 bytes).
    Removing stm32f4xx_usart.o(i.USART_DeInit), (240 bytes).
    Removing stm32f4xx_usart.o(i.USART_GetFlagStatus), (26 bytes).
    Removing stm32f4xx_usart.o(i.USART_GetITStatus), (84 bytes).
    Removing stm32f4xx_usart.o(i.USART_HalfDuplexCmd), (24 bytes).
    Removing stm32f4xx_usart.o(i.USART_ITConfig), (74 bytes).
    Removing stm32f4xx_usart.o(i.USART_IrDACmd), (24 bytes).
    Removing stm32f4xx_usart.o(i.USART_IrDAConfig), (18 bytes).
    Removing stm32f4xx_usart.o(i.USART_LINBreakDetectLengthConfig), (18 bytes).
    Removing stm32f4xx_usart.o(i.USART_LINCmd), (24 bytes).
    Removing stm32f4xx_usart.o(i.USART_OneBitMethodCmd), (24 bytes).
    Removing stm32f4xx_usart.o(i.USART_OverSampling8Cmd), (22 bytes).
    Removing stm32f4xx_usart.o(i.USART_ReceiveData), (10 bytes).
    Removing stm32f4xx_usart.o(i.USART_ReceiverWakeUpCmd), (24 bytes).
    Removing stm32f4xx_usart.o(i.USART_SendBreak), (10 bytes).
    Removing stm32f4xx_usart.o(i.USART_SendData), (8 bytes).
    Removing stm32f4xx_usart.o(i.USART_SetAddress), (18 bytes).
    Removing stm32f4xx_usart.o(i.USART_SetGuardTime), (16 bytes).
    Removing stm32f4xx_usart.o(i.USART_SetPrescaler), (16 bytes).
    Removing stm32f4xx_usart.o(i.USART_SmartCardCmd), (24 bytes).
    Removing stm32f4xx_usart.o(i.USART_SmartCardNACKCmd), (24 bytes).
    Removing stm32f4xx_usart.o(i.USART_StructInit), (24 bytes).
    Removing stm32f4xx_usart.o(i.USART_WakeUpConfig), (18 bytes).
    Removing pid_pos.o(i.PID_POS_initialize), (108 bytes).
    Removing pid_pos.o(i.PID_POS_step), (460 bytes).
    Removing pid_pos.o(i.PID_POS_terminate), (24 bytes).
    Removing pid_pos.o(.bss), (16 bytes).
    Removing pid_pos.o(.data), (32 bytes).
    Removing pid_pos_data.o(.data), (80 bytes).

268 unused section(s) (total 8672 bytes) removed from the image.

==============================================================================

Image Symbol Table

    Local Symbols

    Symbol Name                              Value     Ov Type        Size  Object(Section)

    ../clib/angel/boardlib.s                 0x00000000   Number         0  boardinit1.o ABSOLUTE
    ../clib/angel/boardlib.s                 0x00000000   Number         0  boardshut.o ABSOLUTE
    ../clib/angel/boardlib.s                 0x00000000   Number         0  boardinit2.o ABSOLUTE
    ../clib/angel/boardlib.s                 0x00000000   Number         0  boardinit3.o ABSOLUTE
    ../clib/angel/handlers.s                 0x00000000   Number         0  __scatter_copy.o ABSOLUTE
    ../clib/angel/handlers.s                 0x00000000   Number         0  __scatter_zi.o ABSOLUTE
    ../clib/angel/kernel.s                   0x00000000   Number         0  rtexit2.o ABSOLUTE
    ../clib/angel/kernel.s                   0x00000000   Number         0  __rtentry.o ABSOLUTE
    ../clib/angel/kernel.s                   0x00000000   Number         0  __rtentry2.o ABSOLUTE
    ../clib/angel/kernel.s                   0x00000000   Number         0  __rtentry4.o ABSOLUTE
    ../clib/angel/kernel.s                   0x00000000   Number         0  rtexit.o ABSOLUTE
    ../clib/angel/rt.s                       0x00000000   Number         0  rt_raise.o ABSOLUTE
    ../clib/angel/rt.s                       0x00000000   Number         0  rt_errno_addr.o ABSOLUTE
    ../clib/angel/rt.s                       0x00000000   Number         0  rt_errno_addr_intlibspace.o ABSOLUTE
    ../clib/angel/scatter.s                  0x00000000   Number         0  __scatter.o ABSOLUTE
    ../clib/angel/startup.s                  0x00000000   Number         0  __main.o ABSOLUTE
    ../clib/angel/sys.s                      0x00000000   Number         0  indicate_semi.o ABSOLUTE
    ../clib/angel/sys.s                      0x00000000   Number         0  use_no_semi.o ABSOLUTE
    ../clib/angel/sys.s                      0x00000000   Number         0  libspace.o ABSOLUTE
    ../clib/angel/sys.s                      0x00000000   Number         0  sys_stackheap_outer.o ABSOLUTE
    ../clib/angel/sysapp.c                   0x00000000   Number         0  sys_wrch.o ABSOLUTE
    ../clib/angel/sysapp.c                   0x00000000   Number         0  sys_command.o ABSOLUTE
    ../clib/angel/sysapp.c                   0x00000000   Number         0  sys_exit.o ABSOLUTE
    ../clib/armsys.c                         0x00000000   Number         0  no_argv.o ABSOLUTE
    ../clib/armsys.c                         0x00000000   Number         0  _get_argv_nomalloc.o ABSOLUTE
    ../clib/armsys.c                         0x00000000   Number         0  argv_veneer.o ABSOLUTE
    ../clib/armsys.c                         0x00000000   Number         0  argv_veneer.o ABSOLUTE
    ../clib/fenv.c                           0x00000000   Number         0  _rserrno.o ABSOLUTE
    ../clib/heapalloc.c                      0x00000000   Number         0  hrguard.o ABSOLUTE
    ../clib/heapaux.c                        0x00000000   Number         0  heapauxi.o ABSOLUTE
    ../clib/libinit.s                        0x00000000   Number         0  libinit2.o ABSOLUTE
    ../clib/libinit.s                        0x00000000   Number         0  libinit.o ABSOLUTE
    ../clib/libinit.s                        0x00000000   Number         0  libshutdown.o ABSOLUTE
    ../clib/libinit.s                        0x00000000   Number         0  libshutdown2.o ABSOLUTE
    ../clib/signal.c                         0x00000000   Number         0  defsig_rtred_inner.o ABSOLUTE
    ../clib/signal.c                         0x00000000   Number         0  defsig_abrt_inner.o ABSOLUTE
    ../clib/signal.c                         0x00000000   Number         0  defsig_general.o ABSOLUTE
    ../clib/signal.c                         0x00000000   Number         0  defsig_fpe_inner.o ABSOLUTE
    ../clib/signal.c                         0x00000000   Number         0  defsig_stak_inner.o ABSOLUTE
    ../clib/signal.c                         0x00000000   Number         0  __raise.o ABSOLUTE
    ../clib/signal.c                         0x00000000   Number         0  defsig_rtmem_inner.o ABSOLUTE
    ../clib/signal.c                         0x00000000   Number         0  defsig_exit.o ABSOLUTE
    ../clib/signal.c                         0x00000000   Number         0  defsig_rtmem_formal.o ABSOLUTE
    ../clib/signal.c                         0x00000000   Number         0  defsig_rtmem_outer.o ABSOLUTE
    ../clib/signal.c                         0x00000000   Number         0  defsig_pvfn_inner.o ABSOLUTE
    ../clib/signal.c                         0x00000000   Number         0  defsig_cppl_inner.o ABSOLUTE
    ../clib/signal.c                         0x00000000   Number         0  defsig_segv_inner.o ABSOLUTE
    ../clib/signal.c                         0x00000000   Number         0  defsig_other.o ABSOLUTE
    ../clib/signal.s                         0x00000000   Number         0  defsig.o ABSOLUTE
    ../clib/stdlib.c                         0x00000000   Number         0  exit.o ABSOLUTE
    ../fplib/basic.s                         0x00000000   Number         0  basic.o ABSOLUTE
    ../fplib/daddsub.s                       0x00000000   Number         0  daddsub_clz.o ABSOLUTE
    ../fplib/dcheck1.s                       0x00000000   Number         0  dcheck1.o ABSOLUTE
    ../fplib/dcmpi.s                         0x00000000   Number         0  dcmpi.o ABSOLUTE
    ../fplib/ddiv.s                          0x00000000   Number         0  ddiv.o ABSOLUTE
    ../fplib/dfix.s                          0x00000000   Number         0  dfix.o ABSOLUTE
    ../fplib/dfixu.s                         0x00000000   Number         0  dfixu.o ABSOLUTE
    ../fplib/dflt.s                          0x00000000   Number         0  dflt_clz.o ABSOLUTE
    ../fplib/dleqf.s                         0x00000000   Number         0  dleqf.o ABSOLUTE
    ../fplib/dmul.s                          0x00000000   Number         0  dmul.o ABSOLUTE
    ../fplib/dnaninf.s                       0x00000000   Number         0  dnaninf.o ABSOLUTE
    ../fplib/dretinf.s                       0x00000000   Number         0  dretinf.o ABSOLUTE
    ../fplib/drleqf.s                        0x00000000   Number         0  drleqf.o ABSOLUTE
    ../fplib/dsqrt.s                         0x00000000   Number         0  dsqrt_umaal.o ABSOLUTE
    ../fplib/fpinit.s                        0x00000000   Number         0  fpinit.o ABSOLUTE
    ../fplib/retnan.s                        0x00000000   Number         0  retnan.o ABSOLUTE
    ../fplib/scalbn.s                        0x00000000   Number         0  scalbn.o ABSOLUTE
    ../fplib/trapv.s                         0x00000000   Number         0  trapv.o ABSOLUTE
    ../fplib/usenofp.s                       0x00000000   Number         0  usenofp.o ABSOLUTE
    ../mathlib/dunder.c                      0x00000000   Number         0  dunder.o ABSOLUTE
    ../mathlib/fabs.c                        0x00000000   Number         0  fabs.o ABSOLUTE
    ../mathlib/fpclassify.c                  0x00000000   Number         0  fpclassify.o ABSOLUTE
    ../mathlib/poly.c                        0x00000000   Number         0  poly.o ABSOLUTE
    ../mathlib/pow.c                         0x00000000   Number         0  pow_x.o ABSOLUTE
    ../mathlib/pow.c                         0x00000000   Number         0  pow.o ABSOLUTE
    ../mathlib/qnan.c                        0x00000000   Number         0  qnan.o ABSOLUTE
    ../mathlib/sqrt.c                        0x00000000   Number         0  sqrt.o ABSOLUTE
    ../mathlib/sqrt.c                        0x00000000   Number         0  sqrt_x.o ABSOLUTE
    DRIVER\DRIVER.c                          0x00000000   Number         0  driver.o ABSOLUTE
    DRIVER\\DRIVER.c                         0x00000000   Number         0  driver.o ABSOLUTE
    Matlab\PID_POS.c                         0x00000000   Number         0  pid_pos.o ABSOLUTE
    Matlab\PID_POS_data.c                    0x00000000   Number         0  pid_pos_data.o ABSOLUTE
    STM32F4xx_StdPeriph_Driver\\src\\misc.c  0x00000000   Number         0  misc.o ABSOLUTE
    STM32F4xx_StdPeriph_Driver\\src\\stm32f4xx_adc.c 0x00000000   Number         0  stm32f4xx_adc.o ABSOLUTE
    STM32F4xx_StdPeriph_Driver\\src\\stm32f4xx_dma.c 0x00000000   Number         0  stm32f4xx_dma.o ABSOLUTE
    STM32F4xx_StdPeriph_Driver\\src\\stm32f4xx_gpio.c 0x00000000   Number         0  stm32f4xx_gpio.o ABSOLUTE
    STM32F4xx_StdPeriph_Driver\\src\\stm32f4xx_rcc.c 0x00000000   Number         0  stm32f4xx_rcc.o ABSOLUTE
    STM32F4xx_StdPeriph_Driver\\src\\stm32f4xx_syscfg.c 0x00000000   Number         0  stm32f4xx_syscfg.o ABSOLUTE
    STM32F4xx_StdPeriph_Driver\\src\\stm32f4xx_tim.c 0x00000000   Number         0  stm32f4xx_tim.o ABSOLUTE
    STM32F4xx_StdPeriph_Driver\\src\\stm32f4xx_usart.c 0x00000000   Number         0  stm32f4xx_usart.o ABSOLUTE
    STM32F4xx_StdPeriph_Driver\src\misc.c    0x00000000   Number         0  misc.o ABSOLUTE
    STM32F4xx_StdPeriph_Driver\src\stm32f4xx_adc.c 0x00000000   Number         0  stm32f4xx_adc.o ABSOLUTE
    STM32F4xx_StdPeriph_Driver\src\stm32f4xx_dma.c 0x00000000   Number         0  stm32f4xx_dma.o ABSOLUTE
    STM32F4xx_StdPeriph_Driver\src\stm32f4xx_gpio.c 0x00000000   Number         0  stm32f4xx_gpio.o ABSOLUTE
    STM32F4xx_StdPeriph_Driver\src\stm32f4xx_rcc.c 0x00000000   Number         0  stm32f4xx_rcc.o ABSOLUTE
    STM32F4xx_StdPeriph_Driver\src\stm32f4xx_syscfg.c 0x00000000   Number         0  stm32f4xx_syscfg.o ABSOLUTE
    STM32F4xx_StdPeriph_Driver\src\stm32f4xx_tim.c 0x00000000   Number         0  stm32f4xx_tim.o ABSOLUTE
    STM32F4xx_StdPeriph_Driver\src\stm32f4xx_usart.c 0x00000000   Number         0  stm32f4xx_usart.o ABSOLUTE
    dc.s                                     0x00000000   Number         0  dc.o ABSOLUTE
    fuzzyController.c                        0x00000000   Number         0  fuzzycontroller.o ABSOLUTE
    startup_stm32f407xx.s                    0x00000000   Number         0  startup_stm32f407xx.o ABSOLUTE
    system_stm32f4xx.c                       0x00000000   Number         0  system_stm32f4xx.o ABSOLUTE
    system_stm32f4xx.c                       0x00000000   Number         0  system_stm32f4xx.o ABSOLUTE
    system_timetick.c                        0x00000000   Number         0  system_timetick.o ABSOLUTE
    system_timetick.c                        0x00000000   Number         0  system_timetick.o ABSOLUTE
    test.c                                   0x00000000   Number         0  test.o ABSOLUTE
    test.c                                   0x00000000   Number         0  test.o ABSOLUTE
    RESET                                    0x08000000   Section      392  startup_stm32f407xx.o(RESET)
    !!!main                                  0x08000188   Section        8  __main.o(!!!main)
    !!!scatter                               0x08000190   Section       52  __scatter.o(!!!scatter)
    !!handler_copy                           0x080001c4   Section       26  __scatter_copy.o(!!handler_copy)
    !!handler_zi                             0x080001e0   Section       28  __scatter_zi.o(!!handler_zi)
    .ARM.Collect$$libinit$$00000000          0x080001fc   Section        2  libinit.o(.ARM.Collect$$libinit$$00000000)
    .ARM.Collect$$libinit$$00000001          0x080001fe   Section        4  libinit2.o(.ARM.Collect$$libinit$$00000001)
    .ARM.Collect$$libinit$$00000004          0x08000202   Section        0  libinit2.o(.ARM.Collect$$libinit$$00000004)
    .ARM.Collect$$libinit$$0000000A          0x08000202   Section        0  libinit2.o(.ARM.Collect$$libinit$$0000000A)
    .ARM.Collect$$libinit$$0000000C          0x08000202   Section        0  libinit2.o(.ARM.Collect$$libinit$$0000000C)
    .ARM.Collect$$libinit$$0000000E          0x08000202   Section        0  libinit2.o(.ARM.Collect$$libinit$$0000000E)
    .ARM.Collect$$libinit$$00000011          0x08000202   Section        0  libinit2.o(.ARM.Collect$$libinit$$00000011)
    .ARM.Collect$$libinit$$00000013          0x08000202   Section        0  libinit2.o(.ARM.Collect$$libinit$$00000013)
    .ARM.Collect$$libinit$$00000015          0x08000202   Section        0  libinit2.o(.ARM.Collect$$libinit$$00000015)
    .ARM.Collect$$libinit$$00000017          0x08000202   Section        0  libinit2.o(.ARM.Collect$$libinit$$00000017)
    .ARM.Collect$$libinit$$00000019          0x08000202   Section        0  libinit2.o(.ARM.Collect$$libinit$$00000019)
    .ARM.Collect$$libinit$$0000001B          0x08000202   Section        0  libinit2.o(.ARM.Collect$$libinit$$0000001B)
    .ARM.Collect$$libinit$$0000001D          0x08000202   Section        0  libinit2.o(.ARM.Collect$$libinit$$0000001D)
    .ARM.Collect$$libinit$$0000001F          0x08000202   Section        0  libinit2.o(.ARM.Collect$$libinit$$0000001F)
    .ARM.Collect$$libinit$$00000021          0x08000202   Section        0  libinit2.o(.ARM.Collect$$libinit$$00000021)
    .ARM.Collect$$libinit$$00000023          0x08000202   Section        0  libinit2.o(.ARM.Collect$$libinit$$00000023)
    .ARM.Collect$$libinit$$00000025          0x08000202   Section        0  libinit2.o(.ARM.Collect$$libinit$$00000025)
    .ARM.Collect$$libinit$$0000002C          0x08000202   Section        0  libinit2.o(.ARM.Collect$$libinit$$0000002C)
    .ARM.Collect$$libinit$$0000002E          0x08000202   Section        0  libinit2.o(.ARM.Collect$$libinit$$0000002E)
    .ARM.Collect$$libinit$$00000030          0x08000202   Section        0  libinit2.o(.ARM.Collect$$libinit$$00000030)
    .ARM.Collect$$libinit$$00000032          0x08000202   Section        0  libinit2.o(.ARM.Collect$$libinit$$00000032)
    .ARM.Collect$$libinit$$00000033          0x08000202   Section        2  libinit2.o(.ARM.Collect$$libinit$$00000033)
    .ARM.Collect$$libshutdown$$00000000      0x08000204   Section        2  libshutdown.o(.ARM.Collect$$libshutdown$$00000000)
    .ARM.Collect$$libshutdown$$00000002      0x08000206   Section        0  libshutdown2.o(.ARM.Collect$$libshutdown$$00000002)
    .ARM.Collect$$libshutdown$$00000004      0x08000206   Section        0  libshutdown2.o(.ARM.Collect$$libshutdown$$00000004)
    .ARM.Collect$$libshutdown$$00000006      0x08000206   Section        0  libshutdown2.o(.ARM.Collect$$libshutdown$$00000006)
    .ARM.Collect$$libshutdown$$00000009      0x08000206   Section        0  libshutdown2.o(.ARM.Collect$$libshutdown$$00000009)
    .ARM.Collect$$libshutdown$$0000000C      0x08000206   Section        0  libshutdown2.o(.ARM.Collect$$libshutdown$$0000000C)
    .ARM.Collect$$libshutdown$$0000000E      0x08000206   Section        0  libshutdown2.o(.ARM.Collect$$libshutdown$$0000000E)
    .ARM.Collect$$libshutdown$$00000011      0x08000206   Section        0  libshutdown2.o(.ARM.Collect$$libshutdown$$00000011)
    .ARM.Collect$$libshutdown$$00000012      0x08000206   Section        2  libshutdown2.o(.ARM.Collect$$libshutdown$$00000012)
    .ARM.Collect$$rtentry$$00000000          0x08000208   Section        0  __rtentry.o(.ARM.Collect$$rtentry$$00000000)
    .ARM.Collect$$rtentry$$00000002          0x08000208   Section        0  __rtentry2.o(.ARM.Collect$$rtentry$$00000002)
    .ARM.Collect$$rtentry$$00000004          0x08000208   Section        6  __rtentry4.o(.ARM.Collect$$rtentry$$00000004)
    .ARM.Collect$$rtentry$$00000009          0x0800020e   Section        0  __rtentry2.o(.ARM.Collect$$rtentry$$00000009)
    .ARM.Collect$$rtentry$$0000000A          0x0800020e   Section        4  __rtentry2.o(.ARM.Collect$$rtentry$$0000000A)
    .ARM.Collect$$rtentry$$0000000C          0x08000212   Section        0  __rtentry2.o(.ARM.Collect$$rtentry$$0000000C)
    .ARM.Collect$$rtentry$$0000000D          0x08000212   Section        8  __rtentry2.o(.ARM.Collect$$rtentry$$0000000D)
    .ARM.Collect$$rtexit$$00000000           0x0800021a   Section        2  rtexit.o(.ARM.Collect$$rtexit$$00000000)
    .ARM.Collect$$rtexit$$00000002           0x0800021c   Section        0  rtexit2.o(.ARM.Collect$$rtexit$$00000002)
    .ARM.Collect$$rtexit$$00000003           0x0800021c   Section        4  rtexit2.o(.ARM.Collect$$rtexit$$00000003)
    .ARM.Collect$$rtexit$$00000004           0x08000220   Section        6  rtexit2.o(.ARM.Collect$$rtexit$$00000004)
    .text                                    0x08000228   Section       64  startup_stm32f407xx.o(.text)
    $v0                                      0x08000228   Number         0  startup_stm32f407xx.o(.text)
    .text                                    0x08000268   Section        0  heapauxi.o(.text)
    .text                                    0x0800026e   Section        0  _rserrno.o(.text)
    .text                                    0x08000284   Section        8  rt_errno_addr_intlibspace.o(.text)
    .text                                    0x0800028c   Section        8  libspace.o(.text)
    .text                                    0x08000294   Section       74  sys_stackheap_outer.o(.text)
    .text                                    0x080002de   Section        0  exit.o(.text)
    .text                                    0x080002f0   Section        0  sys_exit.o(.text)
    .text                                    0x080002fc   Section        2  use_no_semi.o(.text)
    .text                                    0x080002fe   Section        0  indicate_semi.o(.text)
    i.BusFault_Handler                       0x080002fe   Section        0  system_timetick.o(i.BusFault_Handler)
    i.DMA1_Stream2_IRQHandler                0x08000304   Section        0  driver.o(i.DMA1_Stream2_IRQHandler)
    i.DMA_ClearITPendingBit                  0x0800038c   Section        0  stm32f4xx_dma.o(i.DMA_ClearITPendingBit)
    i.DMA_Cmd                                0x080003c0   Section        0  stm32f4xx_dma.o(i.DMA_Cmd)
    i.DMA_ITConfig                           0x080003d6   Section        0  stm32f4xx_dma.o(i.DMA_ITConfig)
    i.DMA_Init                               0x08000410   Section        0  stm32f4xx_dma.o(i.DMA_Init)
    i.DebugMon_Handler                       0x08000468   Section        0  system_timetick.o(i.DebugMon_Handler)
    i.Deg2Pulse                              0x0800046c   Section        0  driver.o(i.Deg2Pulse)
    i.GPIO_Init                              0x080004cc   Section        0  stm32f4xx_gpio.o(i.GPIO_Init)
    i.GPIO_PinAFConfig                       0x0800055c   Section        0  stm32f4xx_gpio.o(i.GPIO_PinAFConfig)
    i.GPIO_ResetBits                         0x080005a2   Section        0  stm32f4xx_gpio.o(i.GPIO_ResetBits)
    i.GPIO_SetBits                           0x080005a6   Section        0  stm32f4xx_gpio.o(i.GPIO_SetBits)
    i.HardFault_Handler                      0x080005aa   Section        0  system_timetick.o(i.HardFault_Handler)
    i.MemManage_Handler                      0x080005ae   Section        0  system_timetick.o(i.MemManage_Handler)
    i.NMI_Handler                            0x080005b2   Section        0  system_timetick.o(i.NMI_Handler)
    i.NVIC_Init                              0x080005b4   Section        0  misc.o(i.NVIC_Init)
    i.PID_SpeedController                    0x0800062c   Section        0  driver.o(i.PID_SpeedController)
    i.PWM0_Set_Duty                          0x08000890   Section        0  driver.o(i.PWM0_Set_Duty)
    i.PWM0_Set_Freq                          0x08000910   Section        0  driver.o(i.PWM0_Set_Freq)
    i.PendSV_Handler                         0x0800093c   Section        0  system_timetick.o(i.PendSV_Handler)
    i.RCC_AHB1PeriphClockCmd                 0x08000940   Section        0  stm32f4xx_rcc.o(i.RCC_AHB1PeriphClockCmd)
    i.RCC_APB1PeriphClockCmd                 0x08000960   Section        0  stm32f4xx_rcc.o(i.RCC_APB1PeriphClockCmd)
    i.RCC_APB2PeriphClockCmd                 0x08000980   Section        0  stm32f4xx_rcc.o(i.RCC_APB2PeriphClockCmd)
    i.RCC_GetClocksFreq                      0x080009a0   Section        0  stm32f4xx_rcc.o(i.RCC_GetClocksFreq)
    i.SVC_Handler                            0x08000a88   Section        0  system_timetick.o(i.SVC_Handler)
    i.SetSysClock                            0x08000a8c   Section        0  system_stm32f4xx.o(i.SetSysClock)
    SetSysClock                              0x08000a8d   Thumb Code   220  system_stm32f4xx.o(i.SetSysClock)
    i.SysTick_Handler                        0x08000b78   Section        0  system_timetick.o(i.SysTick_Handler)
    i.SystemInit                             0x08000b94   Section        0  system_stm32f4xx.o(i.SystemInit)
    i.TI1_Config                             0x08000bfc   Section        0  stm32f4xx_tim.o(i.TI1_Config)
    TI1_Config                               0x08000bfd   Thumb Code    58  stm32f4xx_tim.o(i.TI1_Config)
    i.TI2_Config                             0x08000c36   Section        0  stm32f4xx_tim.o(i.TI2_Config)
    TI2_Config                               0x08000c37   Thumb Code    80  stm32f4xx_tim.o(i.TI2_Config)
    i.TI3_Config                             0x08000c86   Section        0  stm32f4xx_tim.o(i.TI3_Config)
    TI3_Config                               0x08000c87   Thumb Code    72  stm32f4xx_tim.o(i.TI3_Config)
    i.TI4_Config                             0x08000cce   Section        0  stm32f4xx_tim.o(i.TI4_Config)
    TI4_Config                               0x08000ccf   Thumb Code    80  stm32f4xx_tim.o(i.TI4_Config)
    i.TIM3_IRQHandler                        0x08000d20   Section        0  driver.o(i.TIM3_IRQHandler)
    i.TIM5_IRQHandler                        0x08000dd4   Section        0  driver.o(i.TIM5_IRQHandler)
    i.TIM_ClearITPendingBit                  0x08000e18   Section        0  stm32f4xx_tim.o(i.TIM_ClearITPendingBit)
    i.TIM_Cmd                                0x08000e1e   Section        0  stm32f4xx_tim.o(i.TIM_Cmd)
    i.TIM_EncoderInterfaceConfig             0x08000e36   Section        0  stm32f4xx_tim.o(i.TIM_EncoderInterfaceConfig)
    i.TIM_GetCapture4                        0x08000e78   Section        0  stm32f4xx_tim.o(i.TIM_GetCapture4)
    i.TIM_GetITStatus                        0x08000e7e   Section        0  stm32f4xx_tim.o(i.TIM_GetITStatus)
    i.TIM_ICInit                             0x08000ea0   Section        0  stm32f4xx_tim.o(i.TIM_ICInit)
    i.TIM_ITConfig                           0x08000f0e   Section        0  stm32f4xx_tim.o(i.TIM_ITConfig)
    i.TIM_OC1Init                            0x08000f20   Section        0  stm32f4xx_tim.o(i.TIM_OC1Init)
    i.TIM_OC1PreloadConfig                   0x08000f9c   Section        0  stm32f4xx_tim.o(i.TIM_OC1PreloadConfig)
    i.TIM_SetIC1Prescaler                    0x08000fae   Section        0  stm32f4xx_tim.o(i.TIM_SetIC1Prescaler)
    i.TIM_SetIC2Prescaler                    0x08000fc0   Section        0  stm32f4xx_tim.o(i.TIM_SetIC2Prescaler)
    i.TIM_SetIC3Prescaler                    0x08000fda   Section        0  stm32f4xx_tim.o(i.TIM_SetIC3Prescaler)
    i.TIM_SetIC4Prescaler                    0x08000fec   Section        0  stm32f4xx_tim.o(i.TIM_SetIC4Prescaler)
    i.TIM_TimeBaseInit                       0x08001008   Section        0  stm32f4xx_tim.o(i.TIM_TimeBaseInit)
    i.USART_Cmd                              0x0800108c   Section        0  stm32f4xx_usart.o(i.USART_Cmd)
    i.USART_DMACmd                           0x080010a4   Section        0  stm32f4xx_usart.o(i.USART_DMACmd)
    i.USART_Init                             0x080010b8   Section        0  stm32f4xx_usart.o(i.USART_Init)
    i.UsageFault_Handler                     0x0800118c   Section        0  system_timetick.o(i.UsageFault_Handler)
    i.__ARM_fpclassify                       0x08001190   Section        0  fpclassify.o(i.__ARM_fpclassify)
    i.__hardfp_pow                           0x080011c0   Section        0  pow.o(i.__hardfp_pow)
    i.__kernel_poly                          0x08001e10   Section        0  poly.o(i.__kernel_poly)
    i.__mathlib_dbl_divzero                  0x08001f08   Section        0  dunder.o(i.__mathlib_dbl_divzero)
    i.__mathlib_dbl_infnan2                  0x08001f38   Section        0  dunder.o(i.__mathlib_dbl_infnan2)
    i.__mathlib_dbl_invalid                  0x08001f50   Section        0  dunder.o(i.__mathlib_dbl_invalid)
    i.__mathlib_dbl_overflow                 0x08001f70   Section        0  dunder.o(i.__mathlib_dbl_overflow)
    i.__mathlib_dbl_underflow                0x08001f90   Section        0  dunder.o(i.__mathlib_dbl_underflow)
    i.chuyenma                               0x08001fb0   Section        0  driver.o(i.chuyenma)
    i.controller                             0x0800203c   Section        0  fuzzycontroller.o(i.controller)
    i.delay_us                               0x0800216c   Section        0  driver.o(i.delay_us)
    i.fabs                                   0x080021b0   Section        0  fabs.o(i.fabs)
    i.fuzzyController                        0x080021c8   Section        0  fuzzycontroller.o(i.fuzzyController)
    i.hlt_hinhthang                          0x080025ec   Section        0  fuzzycontroller.o(i.hlt_hinhthang)
    i.init_main                              0x080026d4   Section        0  driver.o(i.init_main)
    i.main                                   0x08002b1c   Section        0  test.o(i.main)
    i.saturation                             0x08002c54   Section        0  fuzzycontroller.o(i.saturation)
    i.sqrt                                   0x08002cb2   Section        0  sqrt.o(i.sqrt)
    x$fpl$basic                              0x08002d20   Section       24  basic.o(x$fpl$basic)
    $v0                                      0x08002d20   Number         0  basic.o(x$fpl$basic)
    x$fpl$dadd                               0x08002d38   Section      336  daddsub_clz.o(x$fpl$dadd)
    $v0                                      0x08002d38   Number         0  daddsub_clz.o(x$fpl$dadd)
    _dadd1                                   0x08002d49   Thumb Code     0  daddsub_clz.o(x$fpl$dadd)
    x$fpl$dcheck1                            0x08002e88   Section       16  dcheck1.o(x$fpl$dcheck1)
    $v0                                      0x08002e88   Number         0  dcheck1.o(x$fpl$dcheck1)
    x$fpl$dcmpinf                            0x08002e98   Section       24  dcmpi.o(x$fpl$dcmpinf)
    $v0                                      0x08002e98   Number         0  dcmpi.o(x$fpl$dcmpinf)
    x$fpl$ddiv                               0x08002eb0   Section      688  ddiv.o(x$fpl$ddiv)
    $v0                                      0x08002eb0   Number         0  ddiv.o(x$fpl$ddiv)
    ddiv_entry                               0x08002eb7   Thumb Code     0  ddiv.o(x$fpl$ddiv)
    x$fpl$dfix                               0x08003160   Section       94  dfix.o(x$fpl$dfix)
    $v0                                      0x08003160   Number         0  dfix.o(x$fpl$dfix)
    x$fpl$dfixu                              0x080031c0   Section       90  dfixu.o(x$fpl$dfixu)
    $v0                                      0x080031c0   Number         0  dfixu.o(x$fpl$dfixu)
    x$fpl$dflt                               0x0800321a   Section       46  dflt_clz.o(x$fpl$dflt)
    $v0                                      0x0800321a   Number         0  dflt_clz.o(x$fpl$dflt)
    x$fpl$dfltu                              0x08003248   Section       38  dflt_clz.o(x$fpl$dfltu)
    $v0                                      0x08003248   Number         0  dflt_clz.o(x$fpl$dfltu)
    x$fpl$dleqf                              0x08003270   Section      120  dleqf.o(x$fpl$dleqf)
    $v0                                      0x08003270   Number         0  dleqf.o(x$fpl$dleqf)
    x$fpl$dmul                               0x080032e8   Section      340  dmul.o(x$fpl$dmul)
    $v0                                      0x080032e8   Number         0  dmul.o(x$fpl$dmul)
    x$fpl$dnaninf                            0x0800343c   Section      156  dnaninf.o(x$fpl$dnaninf)
    $v0                                      0x0800343c   Number         0  dnaninf.o(x$fpl$dnaninf)
    x$fpl$dretinf                            0x080034d8   Section       12  dretinf.o(x$fpl$dretinf)
    $v0                                      0x080034d8   Number         0  dretinf.o(x$fpl$dretinf)
    x$fpl$drleqf                             0x080034e4   Section      108  drleqf.o(x$fpl$drleqf)
    $v0                                      0x080034e4   Number         0  drleqf.o(x$fpl$drleqf)
    x$fpl$drsb                               0x08003550   Section       22  daddsub_clz.o(x$fpl$drsb)
    $v0                                      0x08003550   Number         0  daddsub_clz.o(x$fpl$drsb)
    x$fpl$dsqrt                              0x08003568   Section      408  dsqrt_umaal.o(x$fpl$dsqrt)
    $v0                                      0x08003568   Number         0  dsqrt_umaal.o(x$fpl$dsqrt)
    x$fpl$dsub                               0x08003700   Section      468  daddsub_clz.o(x$fpl$dsub)
    $v0                                      0x08003700   Number         0  daddsub_clz.o(x$fpl$dsub)
    _dsub1                                   0x08003711   Thumb Code     0  daddsub_clz.o(x$fpl$dsub)
    x$fpl$fpinit                             0x080038d4   Section       10  fpinit.o(x$fpl$fpinit)
    $v0                                      0x080038d4   Number         0  fpinit.o(x$fpl$fpinit)
    x$fpl$retnan                             0x080038de   Section      100  retnan.o(x$fpl$retnan)
    $v0                                      0x080038de   Number         0  retnan.o(x$fpl$retnan)
    x$fpl$scalbn                             0x08003942   Section       92  scalbn.o(x$fpl$scalbn)
    $v0                                      0x08003942   Number         0  scalbn.o(x$fpl$scalbn)
    x$fpl$trapveneer                         0x0800399e   Section       48  trapv.o(x$fpl$trapveneer)
    $v0                                      0x0800399e   Number         0  trapv.o(x$fpl$trapveneer)
    x$fpl$usenofp                            0x080039ce   Section        0  usenofp.o(x$fpl$usenofp)
    .constdata                               0x080039d0   Section      136  pow.o(.constdata)
    bp                                       0x080039d0   Data          16  pow.o(.constdata)
    dp_h                                     0x080039e0   Data          16  pow.o(.constdata)
    dp_l                                     0x080039f0   Data          16  pow.o(.constdata)
    L                                        0x08003a00   Data          48  pow.o(.constdata)
    P                                        0x08003a30   Data          40  pow.o(.constdata)
    .constdata                               0x08003a58   Section        8  qnan.o(.constdata)
    .data                                    0x20000000   Section       20  system_stm32f4xx.o(.data)
    .data                                    0x20000014   Section        8  system_timetick.o(.data)
    .data                                    0x20000020   Section      168  driver.o(.data)
    p                                        0x200000b8   Data           4  driver.o(.data)
    p_pre                                    0x200000bc   Data           4  driver.o(.data)
    dp                                       0x200000c0   Data           4  driver.o(.data)
    pulse_cur                                0x200000c4   Data           4  driver.o(.data)
    .data                                    0x200000c8   Section       16  test.o(.data)
    .data                                    0x200000d8   Section       16  fuzzycontroller.o(.data)
    .data                                    0x200000e8   Section       16  stm32f4xx_rcc.o(.data)
    APBAHBPrescTable                         0x200000e8   Data          16  stm32f4xx_rcc.o(.data)
    .bss                                     0x200000f8   Section       96  libspace.o(.bss)
    HEAP                                     0x20000158   Section      512  startup_stm32f407xx.o(HEAP)
    Heap_Mem                                 0x20000158   Data         512  startup_stm32f407xx.o(HEAP)
    STACK                                    0x20000358   Section     1024  startup_stm32f407xx.o(STACK)
    Stack_Mem                                0x20000358   Data        1024  startup_stm32f407xx.o(STACK)
    __initial_sp                             0x20000758   Data           0  startup_stm32f407xx.o(STACK)

    Global Symbols

    Symbol Name                              Value     Ov Type        Size  Object(Section)

    BuildAttributes$$THM_ISAv4$E$P$D$K$B$S$7EM$VFPi3$EXTD16$VFPS$VFMA$PE$A:L22UL41UL21$X:L11$S22US41US21$IEEE1$IW$USESV6$~STKCKD$USESV7$~SHL$OTIME$ROPI$IEEEX$EBA8$UX$STANDARDLIB$REQ8$PRES8$EABIv2 0x00000000   Number         0  anon$$obj.o ABSOLUTE
    __ARM_use_no_argv                        0x00000000   Number         0  test.o ABSOLUTE
    __ARM_exceptions_init                     - Undefined Weak Reference
    __alloca_initialize                       - Undefined Weak Reference
    __arm_fini_                               - Undefined Weak Reference
    __arm_preinit_                            - Undefined Weak Reference
    __cpp_initialize__aeabi_                  - Undefined Weak Reference
    __cxa_finalize                            - Undefined Weak Reference
    __rt_locale                               - Undefined Weak Reference
    __sigvec_lookup                           - Undefined Weak Reference
    _atexit_init                              - Undefined Weak Reference
    _call_atexit_fns                          - Undefined Weak Reference
    _clock_init                               - Undefined Weak Reference
    _fp_trap_init                             - Undefined Weak Reference
    _fp_trap_shutdown                         - Undefined Weak Reference
    _get_lc_collate                           - Undefined Weak Reference
    _get_lc_ctype                             - Undefined Weak Reference
    _get_lc_monetary                          - Undefined Weak Reference
    _get_lc_numeric                           - Undefined Weak Reference
    _get_lc_time                              - Undefined Weak Reference
    _getenv_init                              - Undefined Weak Reference
    _handle_redirection                       - Undefined Weak Reference
    _init_alloc                               - Undefined Weak Reference
    _init_user_alloc                          - Undefined Weak Reference
    _initio                                   - Undefined Weak Reference
    _rand_init                                - Undefined Weak Reference
    _signal_finish                            - Undefined Weak Reference
    _signal_init                              - Undefined Weak Reference
    _terminate_alloc                          - Undefined Weak Reference
    _terminate_user_alloc                     - Undefined Weak Reference
    _terminateio                              - Undefined Weak Reference
    __Vectors_Size                           0x00000188   Number         0  startup_stm32f407xx.o ABSOLUTE
    __Vectors                                0x08000000   Data           4  startup_stm32f407xx.o(RESET)
    __Vectors_End                            0x08000188   Data           0  startup_stm32f407xx.o(RESET)
    __main                                   0x08000189   Thumb Code     8  __main.o(!!!main)
    __scatterload                            0x08000191   Thumb Code     0  __scatter.o(!!!scatter)
    __scatterload_rt2                        0x08000191   Thumb Code    44  __scatter.o(!!!scatter)
    __scatterload_rt2_thumb_only             0x08000191   Thumb Code     0  __scatter.o(!!!scatter)
    __scatterload_null                       0x0800019f   Thumb Code     0  __scatter.o(!!!scatter)
    __scatterload_copy                       0x080001c5   Thumb Code    26  __scatter_copy.o(!!handler_copy)
    __scatterload_zeroinit                   0x080001e1   Thumb Code    28  __scatter_zi.o(!!handler_zi)
    __rt_lib_init                            0x080001fd   Thumb Code     0  libinit.o(.ARM.Collect$$libinit$$00000000)
    __rt_lib_init_fp_1                       0x080001ff   Thumb Code     0  libinit2.o(.ARM.Collect$$libinit$$00000001)
    __rt_lib_init_alloca_1                   0x08000203   Thumb Code     0  libinit2.o(.ARM.Collect$$libinit$$0000002E)
    __rt_lib_init_argv_1                     0x08000203   Thumb Code     0  libinit2.o(.ARM.Collect$$libinit$$0000002C)
    __rt_lib_init_atexit_1                   0x08000203   Thumb Code     0  libinit2.o(.ARM.Collect$$libinit$$0000001B)
    __rt_lib_init_clock_1                    0x08000203   Thumb Code     0  libinit2.o(.ARM.Collect$$libinit$$00000021)
    __rt_lib_init_cpp_1                      0x08000203   Thumb Code     0  libinit2.o(.ARM.Collect$$libinit$$00000032)
    __rt_lib_init_exceptions_1               0x08000203   Thumb Code     0  libinit2.o(.ARM.Collect$$libinit$$00000030)
    __rt_lib_init_fp_trap_1                  0x08000203   Thumb Code     0  libinit2.o(.ARM.Collect$$libinit$$0000001F)
    __rt_lib_init_getenv_1                   0x08000203   Thumb Code     0  libinit2.o(.ARM.Collect$$libinit$$00000023)
    __rt_lib_init_heap_1                     0x08000203   Thumb Code     0  libinit2.o(.ARM.Collect$$libinit$$0000000A)
    __rt_lib_init_lc_collate_1               0x08000203   Thumb Code     0  libinit2.o(.ARM.Collect$$libinit$$00000011)
    __rt_lib_init_lc_ctype_1                 0x08000203   Thumb Code     0  libinit2.o(.ARM.Collect$$libinit$$00000013)
    __rt_lib_init_lc_monetary_1              0x08000203   Thumb Code     0  libinit2.o(.ARM.Collect$$libinit$$00000015)
    __rt_lib_init_lc_numeric_1               0x08000203   Thumb Code     0  libinit2.o(.ARM.Collect$$libinit$$00000017)
    __rt_lib_init_lc_time_1                  0x08000203   Thumb Code     0  libinit2.o(.ARM.Collect$$libinit$$00000019)
    __rt_lib_init_preinit_1                  0x08000203   Thumb Code     0  libinit2.o(.ARM.Collect$$libinit$$00000004)
    __rt_lib_init_rand_1                     0x08000203   Thumb Code     0  libinit2.o(.ARM.Collect$$libinit$$0000000E)
    __rt_lib_init_return                     0x08000203   Thumb Code     0  libinit2.o(.ARM.Collect$$libinit$$00000033)
    __rt_lib_init_signal_1                   0x08000203   Thumb Code     0  libinit2.o(.ARM.Collect$$libinit$$0000001D)
    __rt_lib_init_stdio_1                    0x08000203   Thumb Code     0  libinit2.o(.ARM.Collect$$libinit$$00000025)
    __rt_lib_init_user_alloc_1               0x08000203   Thumb Code     0  libinit2.o(.ARM.Collect$$libinit$$0000000C)
    __rt_lib_shutdown                        0x08000205   Thumb Code     0  libshutdown.o(.ARM.Collect$$libshutdown$$00000000)
    __rt_lib_shutdown_cpp_1                  0x08000207   Thumb Code     0  libshutdown2.o(.ARM.Collect$$libshutdown$$00000004)
    __rt_lib_shutdown_fini_1                 0x08000207   Thumb Code     0  libshutdown2.o(.ARM.Collect$$libshutdown$$00000002)
    __rt_lib_shutdown_fp_trap_1              0x08000207   Thumb Code     0  libshutdown2.o(.ARM.Collect$$libshutdown$$00000009)
    __rt_lib_shutdown_heap_1                 0x08000207   Thumb Code     0  libshutdown2.o(.ARM.Collect$$libshutdown$$00000011)
    __rt_lib_shutdown_return                 0x08000207   Thumb Code     0  libshutdown2.o(.ARM.Collect$$libshutdown$$00000012)
    __rt_lib_shutdown_signal_1               0x08000207   Thumb Code     0  libshutdown2.o(.ARM.Collect$$libshutdown$$0000000C)
    __rt_lib_shutdown_stdio_1                0x08000207   Thumb Code     0  libshutdown2.o(.ARM.Collect$$libshutdown$$00000006)
    __rt_lib_shutdown_user_alloc_1           0x08000207   Thumb Code     0  libshutdown2.o(.ARM.Collect$$libshutdown$$0000000E)
    __rt_entry                               0x08000209   Thumb Code     0  __rtentry.o(.ARM.Collect$$rtentry$$00000000)
    __rt_entry_presh_1                       0x08000209   Thumb Code     0  __rtentry2.o(.ARM.Collect$$rtentry$$00000002)
    __rt_entry_sh                            0x08000209   Thumb Code     0  __rtentry4.o(.ARM.Collect$$rtentry$$00000004)
    __rt_entry_li                            0x0800020f   Thumb Code     0  __rtentry2.o(.ARM.Collect$$rtentry$$0000000A)
    __rt_entry_postsh_1                      0x0800020f   Thumb Code     0  __rtentry2.o(.ARM.Collect$$rtentry$$00000009)
    __rt_entry_main                          0x08000213   Thumb Code     0  __rtentry2.o(.ARM.Collect$$rtentry$$0000000D)
    __rt_entry_postli_1                      0x08000213   Thumb Code     0  __rtentry2.o(.ARM.Collect$$rtentry$$0000000C)
    __rt_exit                                0x0800021b   Thumb Code     0  rtexit.o(.ARM.Collect$$rtexit$$00000000)
    __rt_exit_ls                             0x0800021d   Thumb Code     0  rtexit2.o(.ARM.Collect$$rtexit$$00000003)
    __rt_exit_prels_1                        0x0800021d   Thumb Code     0  rtexit2.o(.ARM.Collect$$rtexit$$00000002)
    __rt_exit_exit                           0x08000221   Thumb Code     0  rtexit2.o(.ARM.Collect$$rtexit$$00000004)
    Reset_Handler                            0x08000229   Thumb Code     8  startup_stm32f407xx.o(.text)
    ADC_IRQHandler                           0x08000243   Thumb Code     0  startup_stm32f407xx.o(.text)
    CAN1_RX0_IRQHandler                      0x08000243   Thumb Code     0  startup_stm32f407xx.o(.text)
    CAN1_RX1_IRQHandler                      0x08000243   Thumb Code     0  startup_stm32f407xx.o(.text)
    CAN1_SCE_IRQHandler                      0x08000243   Thumb Code     0  startup_stm32f407xx.o(.text)
    CAN1_TX_IRQHandler                       0x08000243   Thumb Code     0  startup_stm32f407xx.o(.text)
    CAN2_RX0_IRQHandler                      0x08000243   Thumb Code     0  startup_stm32f407xx.o(.text)
    CAN2_RX1_IRQHandler                      0x08000243   Thumb Code     0  startup_stm32f407xx.o(.text)
    CAN2_SCE_IRQHandler                      0x08000243   Thumb Code     0  startup_stm32f407xx.o(.text)
    CAN2_TX_IRQHandler                       0x08000243   Thumb Code     0  startup_stm32f407xx.o(.text)
    DCMI_IRQHandler                          0x08000243   Thumb Code     0  startup_stm32f407xx.o(.text)
    DMA1_Stream0_IRQHandler                  0x08000243   Thumb Code     0  startup_stm32f407xx.o(.text)
    DMA1_Stream1_IRQHandler                  0x08000243   Thumb Code     0  startup_stm32f407xx.o(.text)
    DMA1_Stream3_IRQHandler                  0x08000243   Thumb Code     0  startup_stm32f407xx.o(.text)
    DMA1_Stream4_IRQHandler                  0x08000243   Thumb Code     0  startup_stm32f407xx.o(.text)
    DMA1_Stream5_IRQHandler                  0x08000243   Thumb Code     0  startup_stm32f407xx.o(.text)
    DMA1_Stream6_IRQHandler                  0x08000243   Thumb Code     0  startup_stm32f407xx.o(.text)
    DMA1_Stream7_IRQHandler                  0x08000243   Thumb Code     0  startup_stm32f407xx.o(.text)
    DMA2_Stream0_IRQHandler                  0x08000243   Thumb Code     0  startup_stm32f407xx.o(.text)
    DMA2_Stream1_IRQHandler                  0x08000243   Thumb Code     0  startup_stm32f407xx.o(.text)
    DMA2_Stream2_IRQHandler                  0x08000243   Thumb Code     0  startup_stm32f407xx.o(.text)
    DMA2_Stream3_IRQHandler                  0x08000243   Thumb Code     0  startup_stm32f407xx.o(.text)
    DMA2_Stream4_IRQHandler                  0x08000243   Thumb Code     0  startup_stm32f407xx.o(.text)
    DMA2_Stream5_IRQHandler                  0x08000243   Thumb Code     0  startup_stm32f407xx.o(.text)
    DMA2_Stream6_IRQHandler                  0x08000243   Thumb Code     0  startup_stm32f407xx.o(.text)
    DMA2_Stream7_IRQHandler                  0x08000243   Thumb Code     0  startup_stm32f407xx.o(.text)
    ETH_IRQHandler                           0x08000243   Thumb Code     0  startup_stm32f407xx.o(.text)
    ETH_WKUP_IRQHandler                      0x08000243   Thumb Code     0  startup_stm32f407xx.o(.text)
    EXTI0_IRQHandler                         0x08000243   Thumb Code     0  startup_stm32f407xx.o(.text)
    EXTI15_10_IRQHandler                     0x08000243   Thumb Code     0  startup_stm32f407xx.o(.text)
    EXTI1_IRQHandler                         0x08000243   Thumb Code     0  startup_stm32f407xx.o(.text)
    EXTI2_IRQHandler                         0x08000243   Thumb Code     0  startup_stm32f407xx.o(.text)
    EXTI3_IRQHandler                         0x08000243   Thumb Code     0  startup_stm32f407xx.o(.text)
    EXTI4_IRQHandler                         0x08000243   Thumb Code     0  startup_stm32f407xx.o(.text)
    EXTI9_5_IRQHandler                       0x08000243   Thumb Code     0  startup_stm32f407xx.o(.text)
    FLASH_IRQHandler                         0x08000243   Thumb Code     0  startup_stm32f407xx.o(.text)
    FMC_IRQHandler                           0x08000243   Thumb Code     0  startup_stm32f407xx.o(.text)
    FPU_IRQHandler                           0x08000243   Thumb Code     0  startup_stm32f407xx.o(.text)
    HASH_RNG_IRQHandler                      0x08000243   Thumb Code     0  startup_stm32f407xx.o(.text)
    I2C1_ER_IRQHandler                       0x08000243   Thumb Code     0  startup_stm32f407xx.o(.text)
    I2C1_EV_IRQHandler                       0x08000243   Thumb Code     0  startup_stm32f407xx.o(.text)
    I2C2_ER_IRQHandler                       0x08000243   Thumb Code     0  startup_stm32f407xx.o(.text)
    I2C2_EV_IRQHandler                       0x08000243   Thumb Code     0  startup_stm32f407xx.o(.text)
    I2C3_ER_IRQHandler                       0x08000243   Thumb Code     0  startup_stm32f407xx.o(.text)
    I2C3_EV_IRQHandler                       0x08000243   Thumb Code     0  startup_stm32f407xx.o(.text)
    OTG_FS_IRQHandler                        0x08000243   Thumb Code     0  startup_stm32f407xx.o(.text)
    OTG_FS_WKUP_IRQHandler                   0x08000243   Thumb Code     0  startup_stm32f407xx.o(.text)
    OTG_HS_EP1_IN_IRQHandler                 0x08000243   Thumb Code     0  startup_stm32f407xx.o(.text)
    OTG_HS_EP1_OUT_IRQHandler                0x08000243   Thumb Code     0  startup_stm32f407xx.o(.text)
    OTG_HS_IRQHandler                        0x08000243   Thumb Code     0  startup_stm32f407xx.o(.text)
    OTG_HS_WKUP_IRQHandler                   0x08000243   Thumb Code     0  startup_stm32f407xx.o(.text)
    PVD_IRQHandler                           0x08000243   Thumb Code     0  startup_stm32f407xx.o(.text)
    RCC_IRQHandler                           0x08000243   Thumb Code     0  startup_stm32f407xx.o(.text)
    RTC_Alarm_IRQHandler                     0x08000243   Thumb Code     0  startup_stm32f407xx.o(.text)
    RTC_WKUP_IRQHandler                      0x08000243   Thumb Code     0  startup_stm32f407xx.o(.text)
    SDIO_IRQHandler                          0x08000243   Thumb Code     0  startup_stm32f407xx.o(.text)
    SPI1_IRQHandler                          0x08000243   Thumb Code     0  startup_stm32f407xx.o(.text)
    SPI2_IRQHandler                          0x08000243   Thumb Code     0  startup_stm32f407xx.o(.text)
    SPI3_IRQHandler                          0x08000243   Thumb Code     0  startup_stm32f407xx.o(.text)
    TAMP_STAMP_IRQHandler                    0x08000243   Thumb Code     0  startup_stm32f407xx.o(.text)
    TIM1_BRK_TIM9_IRQHandler                 0x08000243   Thumb Code     0  startup_stm32f407xx.o(.text)
    TIM1_CC_IRQHandler                       0x08000243   Thumb Code     0  startup_stm32f407xx.o(.text)
    TIM1_TRG_COM_TIM11_IRQHandler            0x08000243   Thumb Code     0  startup_stm32f407xx.o(.text)
    TIM1_UP_TIM10_IRQHandler                 0x08000243   Thumb Code     0  startup_stm32f407xx.o(.text)
    TIM2_IRQHandler                          0x08000243   Thumb Code     0  startup_stm32f407xx.o(.text)
    TIM4_IRQHandler                          0x08000243   Thumb Code     0  startup_stm32f407xx.o(.text)
    TIM6_DAC_IRQHandler                      0x08000243   Thumb Code     0  startup_stm32f407xx.o(.text)
    TIM7_IRQHandler                          0x08000243   Thumb Code     0  startup_stm32f407xx.o(.text)
    TIM8_BRK_TIM12_IRQHandler                0x08000243   Thumb Code     0  startup_stm32f407xx.o(.text)
    TIM8_CC_IRQHandler                       0x08000243   Thumb Code     0  startup_stm32f407xx.o(.text)
    TIM8_TRG_COM_TIM14_IRQHandler            0x08000243   Thumb Code     0  startup_stm32f407xx.o(.text)
    TIM8_UP_TIM13_IRQHandler                 0x08000243   Thumb Code     0  startup_stm32f407xx.o(.text)
    UART4_IRQHandler                         0x08000243   Thumb Code     0  startup_stm32f407xx.o(.text)
    UART5_IRQHandler                         0x08000243   Thumb Code     0  startup_stm32f407xx.o(.text)
    USART1_IRQHandler                        0x08000243   Thumb Code     0  startup_stm32f407xx.o(.text)
    USART2_IRQHandler                        0x08000243   Thumb Code     0  startup_stm32f407xx.o(.text)
    USART3_IRQHandler                        0x08000243   Thumb Code     0  startup_stm32f407xx.o(.text)
    USART6_IRQHandler                        0x08000243   Thumb Code     0  startup_stm32f407xx.o(.text)
    WWDG_IRQHandler                          0x08000243   Thumb Code     0  startup_stm32f407xx.o(.text)
    __user_initial_stackheap                 0x08000245   Thumb Code     0  startup_stm32f407xx.o(.text)
    __use_two_region_memory                  0x08000269   Thumb Code     2  heapauxi.o(.text)
    __rt_heap_escrow$2region                 0x0800026b   Thumb Code     2  heapauxi.o(.text)
    __rt_heap_expand$2region                 0x0800026d   Thumb Code     2  heapauxi.o(.text)
    __read_errno                             0x0800026f   Thumb Code    10  _rserrno.o(.text)
    __set_errno                              0x08000279   Thumb Code    12  _rserrno.o(.text)
    __aeabi_errno_addr                       0x08000285   Thumb Code     8  rt_errno_addr_intlibspace.o(.text)
    __errno$intlibspace                      0x08000285   Thumb Code     0  rt_errno_addr_intlibspace.o(.text)
    __rt_errno_addr$intlibspace              0x08000285   Thumb Code     0  rt_errno_addr_intlibspace.o(.text)
    __user_libspace                          0x0800028d   Thumb Code     8  libspace.o(.text)
    __user_perproc_libspace                  0x0800028d   Thumb Code     0  libspace.o(.text)
    __user_perthread_libspace                0x0800028d   Thumb Code     0  libspace.o(.text)
    __user_setup_stackheap                   0x08000295   Thumb Code    74  sys_stackheap_outer.o(.text)
    exit                                     0x080002df   Thumb Code    18  exit.o(.text)
    _sys_exit                                0x080002f1   Thumb Code     8  sys_exit.o(.text)
    __I$use$semihosting                      0x080002fd   Thumb Code     0  use_no_semi.o(.text)
    __use_no_semihosting_swi                 0x080002fd   Thumb Code     2  use_no_semi.o(.text)
    BusFault_Handler                         0x080002ff   Thumb Code     4  system_timetick.o(i.BusFault_Handler)
    __semihosting_library_function           0x080002ff   Thumb Code     0  indicate_semi.o(.text)
    DMA1_Stream2_IRQHandler                  0x08000305   Thumb Code   120  driver.o(i.DMA1_Stream2_IRQHandler)
    DMA_ClearITPendingBit                    0x0800038d   Thumb Code    38  stm32f4xx_dma.o(i.DMA_ClearITPendingBit)
    DMA_Cmd                                  0x080003c1   Thumb Code    22  stm32f4xx_dma.o(i.DMA_Cmd)
    DMA_ITConfig                             0x080003d7   Thumb Code    58  stm32f4xx_dma.o(i.DMA_ITConfig)
    DMA_Init                                 0x08000411   Thumb Code    82  stm32f4xx_dma.o(i.DMA_Init)
    DebugMon_Handler                         0x08000469   Thumb Code     2  system_timetick.o(i.DebugMon_Handler)
    Deg2Pulse                                0x0800046d   Thumb Code    72  driver.o(i.Deg2Pulse)
    GPIO_Init                                0x080004cd   Thumb Code   144  stm32f4xx_gpio.o(i.GPIO_Init)
    GPIO_PinAFConfig                         0x0800055d   Thumb Code    70  stm32f4xx_gpio.o(i.GPIO_PinAFConfig)
    GPIO_ResetBits                           0x080005a3   Thumb Code     4  stm32f4xx_gpio.o(i.GPIO_ResetBits)
    GPIO_SetBits                             0x080005a7   Thumb Code     4  stm32f4xx_gpio.o(i.GPIO_SetBits)
    HardFault_Handler                        0x080005ab   Thumb Code     4  system_timetick.o(i.HardFault_Handler)
    MemManage_Handler                        0x080005af   Thumb Code     4  system_timetick.o(i.MemManage_Handler)
    NMI_Handler                              0x080005b3   Thumb Code     2  system_timetick.o(i.NMI_Handler)
    NVIC_Init                                0x080005b5   Thumb Code   106  misc.o(i.NVIC_Init)
    PID_SpeedController                      0x0800062d   Thumb Code   536  driver.o(i.PID_SpeedController)
    PWM0_Set_Duty                            0x08000891   Thumb Code   112  driver.o(i.PWM0_Set_Duty)
    PWM0_Set_Freq                            0x08000911   Thumb Code    34  driver.o(i.PWM0_Set_Freq)
    PendSV_Handler                           0x0800093d   Thumb Code     2  system_timetick.o(i.PendSV_Handler)
    RCC_AHB1PeriphClockCmd                   0x08000941   Thumb Code    26  stm32f4xx_rcc.o(i.RCC_AHB1PeriphClockCmd)
    RCC_APB1PeriphClockCmd                   0x08000961   Thumb Code    26  stm32f4xx_rcc.o(i.RCC_APB1PeriphClockCmd)
    RCC_APB2PeriphClockCmd                   0x08000981   Thumb Code    26  stm32f4xx_rcc.o(i.RCC_APB2PeriphClockCmd)
    RCC_GetClocksFreq                        0x080009a1   Thumb Code   214  stm32f4xx_rcc.o(i.RCC_GetClocksFreq)
    SVC_Handler                              0x08000a89   Thumb Code     2  system_timetick.o(i.SVC_Handler)
    SysTick_Handler                          0x08000b79   Thumb Code    18  system_timetick.o(i.SysTick_Handler)
    SystemInit                               0x08000b95   Thumb Code    88  system_stm32f4xx.o(i.SystemInit)
    TIM3_IRQHandler                          0x08000d21   Thumb Code   140  driver.o(i.TIM3_IRQHandler)
    TIM5_IRQHandler                          0x08000dd5   Thumb Code    58  driver.o(i.TIM5_IRQHandler)
    TIM_ClearITPendingBit                    0x08000e19   Thumb Code     6  stm32f4xx_tim.o(i.TIM_ClearITPendingBit)
    TIM_Cmd                                  0x08000e1f   Thumb Code    24  stm32f4xx_tim.o(i.TIM_Cmd)
    TIM_EncoderInterfaceConfig               0x08000e37   Thumb Code    66  stm32f4xx_tim.o(i.TIM_EncoderInterfaceConfig)
    TIM_GetCapture4                          0x08000e79   Thumb Code     6  stm32f4xx_tim.o(i.TIM_GetCapture4)
    TIM_GetITStatus                          0x08000e7f   Thumb Code    34  stm32f4xx_tim.o(i.TIM_GetITStatus)
    TIM_ICInit                               0x08000ea1   Thumb Code   110  stm32f4xx_tim.o(i.TIM_ICInit)
    TIM_ITConfig                             0x08000f0f   Thumb Code    18  stm32f4xx_tim.o(i.TIM_ITConfig)
    TIM_OC1Init                              0x08000f21   Thumb Code   114  stm32f4xx_tim.o(i.TIM_OC1Init)
    TIM_OC1PreloadConfig                     0x08000f9d   Thumb Code    18  stm32f4xx_tim.o(i.TIM_OC1PreloadConfig)
    TIM_SetIC1Prescaler                      0x08000faf   Thumb Code    18  stm32f4xx_tim.o(i.TIM_SetIC1Prescaler)
    TIM_SetIC2Prescaler                      0x08000fc1   Thumb Code    26  stm32f4xx_tim.o(i.TIM_SetIC2Prescaler)
    TIM_SetIC3Prescaler                      0x08000fdb   Thumb Code    18  stm32f4xx_tim.o(i.TIM_SetIC3Prescaler)
    TIM_SetIC4Prescaler                      0x08000fed   Thumb Code    26  stm32f4xx_tim.o(i.TIM_SetIC4Prescaler)
    TIM_TimeBaseInit                         0x08001009   Thumb Code   104  stm32f4xx_tim.o(i.TIM_TimeBaseInit)
    USART_Cmd                                0x0800108d   Thumb Code    24  stm32f4xx_usart.o(i.USART_Cmd)
    USART_DMACmd                             0x080010a5   Thumb Code    18  stm32f4xx_usart.o(i.USART_DMACmd)
    USART_Init                               0x080010b9   Thumb Code   204  stm32f4xx_usart.o(i.USART_Init)
    UsageFault_Handler                       0x0800118d   Thumb Code     4  system_timetick.o(i.UsageFault_Handler)
    __ARM_fpclassify                         0x08001191   Thumb Code    48  fpclassify.o(i.__ARM_fpclassify)
    __hardfp_pow                             0x080011c1   Thumb Code  3072  pow.o(i.__hardfp_pow)
    __kernel_poly                            0x08001e11   Thumb Code   248  poly.o(i.__kernel_poly)
    __mathlib_dbl_divzero                    0x08001f09   Thumb Code    28  dunder.o(i.__mathlib_dbl_divzero)
    __mathlib_dbl_infnan2                    0x08001f39   Thumb Code    20  dunder.o(i.__mathlib_dbl_infnan2)
    __mathlib_dbl_invalid                    0x08001f51   Thumb Code    24  dunder.o(i.__mathlib_dbl_invalid)
    __mathlib_dbl_overflow                   0x08001f71   Thumb Code    24  dunder.o(i.__mathlib_dbl_overflow)
    __mathlib_dbl_underflow                  0x08001f91   Thumb Code    24  dunder.o(i.__mathlib_dbl_underflow)
    chuyenma                                 0x08001fb1   Thumb Code   122  driver.o(i.chuyenma)
    controller                               0x0800203d   Thumb Code   240  fuzzycontroller.o(i.controller)
    delay_us                                 0x0800216d   Thumb Code    64  driver.o(i.delay_us)
    fabs                                     0x080021b1   Thumb Code    24  fabs.o(i.fabs)
    fuzzyController                          0x080021c9   Thumb Code   868  fuzzycontroller.o(i.fuzzyController)
    hlt_hinhthang                            0x080025ed   Thumb Code   216  fuzzycontroller.o(i.hlt_hinhthang)
    init_main                                0x080026d5   Thumb Code  1038  driver.o(i.init_main)
    main                                     0x08002b1d   Thumb Code   228  test.o(i.main)
    saturation                               0x08002c55   Thumb Code    94  fuzzycontroller.o(i.saturation)
    sqrt                                     0x08002cb3   Thumb Code   110  sqrt.o(i.sqrt)
    __aeabi_dneg                             0x08002d21   Thumb Code     0  basic.o(x$fpl$basic)
    _dneg                                    0x08002d21   Thumb Code     6  basic.o(x$fpl$basic)
    __aeabi_fneg                             0x08002d27   Thumb Code     0  basic.o(x$fpl$basic)
    _fneg                                    0x08002d27   Thumb Code     6  basic.o(x$fpl$basic)
    _dabs                                    0x08002d2d   Thumb Code     6  basic.o(x$fpl$basic)
    _fabs                                    0x08002d33   Thumb Code     6  basic.o(x$fpl$basic)
    __aeabi_dadd                             0x08002d39   Thumb Code     0  daddsub_clz.o(x$fpl$dadd)
    _dadd                                    0x08002d39   Thumb Code   332  daddsub_clz.o(x$fpl$dadd)
    __fpl_dcheck_NaN1                        0x08002e89   Thumb Code    10  dcheck1.o(x$fpl$dcheck1)
    __fpl_dcmp_Inf                           0x08002e99   Thumb Code    24  dcmpi.o(x$fpl$dcmpinf)
    __aeabi_ddiv                             0x08002eb1   Thumb Code     0  ddiv.o(x$fpl$ddiv)
    _ddiv                                    0x08002eb1   Thumb Code   552  ddiv.o(x$fpl$ddiv)
    __aeabi_d2iz                             0x08003161   Thumb Code     0  dfix.o(x$fpl$dfix)
    _dfix                                    0x08003161   Thumb Code    94  dfix.o(x$fpl$dfix)
    __aeabi_d2uiz                            0x080031c1   Thumb Code     0  dfixu.o(x$fpl$dfixu)
    _dfixu                                   0x080031c1   Thumb Code    90  dfixu.o(x$fpl$dfixu)
    __aeabi_i2d                              0x0800321b   Thumb Code     0  dflt_clz.o(x$fpl$dflt)
    _dflt                                    0x0800321b   Thumb Code    46  dflt_clz.o(x$fpl$dflt)
    __aeabi_ui2d                             0x08003249   Thumb Code     0  dflt_clz.o(x$fpl$dfltu)
    _dfltu                                   0x08003249   Thumb Code    38  dflt_clz.o(x$fpl$dfltu)
    __aeabi_cdcmple                          0x08003271   Thumb Code     0  dleqf.o(x$fpl$dleqf)
    _dcmple                                  0x08003271   Thumb Code   120  dleqf.o(x$fpl$dleqf)
    __fpl_dcmple_InfNaN                      0x080032d3   Thumb Code     0  dleqf.o(x$fpl$dleqf)
    __aeabi_dmul                             0x080032e9   Thumb Code     0  dmul.o(x$fpl$dmul)
    _dmul                                    0x080032e9   Thumb Code   332  dmul.o(x$fpl$dmul)
    __fpl_dnaninf                            0x0800343d   Thumb Code   156  dnaninf.o(x$fpl$dnaninf)
    __fpl_dretinf                            0x080034d9   Thumb Code    12  dretinf.o(x$fpl$dretinf)
    __aeabi_cdrcmple                         0x080034e5   Thumb Code     0  drleqf.o(x$fpl$drleqf)
    _drcmple                                 0x080034e5   Thumb Code   108  drleqf.o(x$fpl$drleqf)
    __aeabi_drsub                            0x08003551   Thumb Code     0  daddsub_clz.o(x$fpl$drsb)
    _drsb                                    0x08003551   Thumb Code    22  daddsub_clz.o(x$fpl$drsb)
    _dsqrt                                   0x08003569   Thumb Code   404  dsqrt_umaal.o(x$fpl$dsqrt)
    __aeabi_dsub                             0x08003701   Thumb Code     0  daddsub_clz.o(x$fpl$dsub)
    _dsub                                    0x08003701   Thumb Code   464  daddsub_clz.o(x$fpl$dsub)
    _fp_init                                 0x080038d5   Thumb Code    10  fpinit.o(x$fpl$fpinit)
    __fplib_config_fpu_vfp                   0x080038dd   Thumb Code     0  fpinit.o(x$fpl$fpinit)
    __fplib_config_pureend_doubles           0x080038dd   Thumb Code     0  fpinit.o(x$fpl$fpinit)
    __fpl_return_NaN                         0x080038df   Thumb Code   100  retnan.o(x$fpl$retnan)
    __ARM_scalbn                             0x08003943   Thumb Code    92  scalbn.o(x$fpl$scalbn)
    __fpl_cmpreturn                          0x0800399f   Thumb Code    48  trapv.o(x$fpl$trapveneer)
    __I$use$fp                               0x080039ce   Number         0  usenofp.o(x$fpl$usenofp)
    __mathlib_zero                           0x08003a58   Data           8  qnan.o(.constdata)
    Region$$Table$$Base                      0x08003a60   Number         0  anon$$obj.o(Region$$Table)
    Region$$Table$$Limit                     0x08003a80   Number         0  anon$$obj.o(Region$$Table)
    SystemCoreClock                          0x20000000   Data           4  system_stm32f4xx.o(.data)
    AHBPrescTable                            0x20000004   Data          16  system_stm32f4xx.o(.data)
    tick_count                               0x20000014   Data           4  system_timetick.o(.data)
    tick_flag                                0x20000018   Data           4  system_timetick.o(.data)
    Data_Recieve                             0x20000020   Data           6  driver.o(.data)
    i                                        0x20000028   Data           4  driver.o(.data)
    check                                    0x2000002c   Data           4  driver.o(.data)
    time                                     0x20000030   Data           2  driver.o(.data)
    distance                                 0x20000038   Data           8  driver.o(.data)
    a                                        0x20000040   Data           4  driver.o(.data)
    Kp                                       0x20000048   Data           8  driver.o(.data)
    Ki                                       0x20000050   Data           8  driver.o(.data)
    Kd                                       0x20000058   Data           8  driver.o(.data)
    SP                                       0x20000060   Data           8  driver.o(.data)
    Output                                   0x20000068   Data           8  driver.o(.data)
    ek                                       0x20000070   Data           8  driver.o(.data)
    ek_1                                     0x20000078   Data           8  driver.o(.data)
    ek_2                                     0x20000080   Data           8  driver.o(.data)
    u                                        0x20000088   Data           8  driver.o(.data)
    u_1                                      0x20000090   Data           8  driver.o(.data)
    pre_Pulse                                0x20000098   Data           8  driver.o(.data)
    Pulse                                    0x200000a0   Data           8  driver.o(.data)
    UDK                                      0x200000a8   Data           4  driver.o(.data)
    error                                    0x200000b0   Data           8  driver.o(.data)
    k                                        0x200000c8   Data           4  test.o(.data)
    h                                        0x200000cc   Data           4  test.o(.data)
    out_fuzzy                                0x200000d0   Data           8  test.o(.data)
    ek_1_fuzzy                               0x200000d8   Data           8  fuzzycontroller.o(.data)
    output_fuzzy                             0x200000e0   Data           8  fuzzycontroller.o(.data)
    __libspace_start                         0x200000f8   Data          96  libspace.o(.bss)
    __temporary_stack_top$libspace           0x20000158   Data           0  libspace.o(.bss)



==============================================================================

Memory Map of the image

  Image Entry point : 0x08000189

  Load Region LR_IROM1 (Base: 0x08000000, Size: 0x00003b78, Max: 0x00100000, ABSOLUTE)

    Execution Region ER_IROM1 (Exec base: 0x08000000, Load base: 0x08000000, Size: 0x00003a80, Max: 0x00100000, ABSOLUTE)

    Exec Addr    Load Addr    Size         Type   Attr      Idx    E Section Name        Object

    0x08000000   0x08000000   0x00000188   Data   RO          232    RESET               startup_stm32f407xx.o
    0x08000188   0x08000188   0x00000008   Code   RO         2204  * !!!main             c_w.l(__main.o)
    0x08000190   0x08000190   0x00000034   Code   RO         2470    !!!scatter          c_w.l(__scatter.o)
    0x080001c4   0x080001c4   0x0000001a   Code   RO         2472    !!handler_copy      c_w.l(__scatter_copy.o)
    0x080001de   0x080001de   0x00000002   PAD
    0x080001e0   0x080001e0   0x0000001c   Code   RO         2474    !!handler_zi        c_w.l(__scatter_zi.o)
    0x080001fc   0x080001fc   0x00000002   Code   RO         2337    .ARM.Collect$$libinit$$00000000  c_w.l(libinit.o)
    0x080001fe   0x080001fe   0x00000004   Code   RO         2342    .ARM.Collect$$libinit$$00000001  c_w.l(libinit2.o)
    0x08000202   0x08000202   0x00000000   Code   RO         2345    .ARM.Collect$$libinit$$00000004  c_w.l(libinit2.o)
    0x08000202   0x08000202   0x00000000   Code   RO         2348    .ARM.Collect$$libinit$$0000000A  c_w.l(libinit2.o)
    0x08000202   0x08000202   0x00000000   Code   RO         2350    .ARM.Collect$$libinit$$0000000C  c_w.l(libinit2.o)
    0x08000202   0x08000202   0x00000000   Code   RO         2352    .ARM.Collect$$libinit$$0000000E  c_w.l(libinit2.o)
    0x08000202   0x08000202   0x00000000   Code   RO         2355    .ARM.Collect$$libinit$$00000011  c_w.l(libinit2.o)
    0x08000202   0x08000202   0x00000000   Code   RO         2357    .ARM.Collect$$libinit$$00000013  c_w.l(libinit2.o)
    0x08000202   0x08000202   0x00000000   Code   RO         2359    .ARM.Collect$$libinit$$00000015  c_w.l(libinit2.o)
    0x08000202   0x08000202   0x00000000   Code   RO         2361    .ARM.Collect$$libinit$$00000017  c_w.l(libinit2.o)
    0x08000202   0x08000202   0x00000000   Code   RO         2363    .ARM.Collect$$libinit$$00000019  c_w.l(libinit2.o)
    0x08000202   0x08000202   0x00000000   Code   RO         2365    .ARM.Collect$$libinit$$0000001B  c_w.l(libinit2.o)
    0x08000202   0x08000202   0x00000000   Code   RO         2367    .ARM.Collect$$libinit$$0000001D  c_w.l(libinit2.o)
    0x08000202   0x08000202   0x00000000   Code   RO         2369    .ARM.Collect$$libinit$$0000001F  c_w.l(libinit2.o)
    0x08000202   0x08000202   0x00000000   Code   RO         2371    .ARM.Collect$$libinit$$00000021  c_w.l(libinit2.o)
    0x08000202   0x08000202   0x00000000   Code   RO         2373    .ARM.Collect$$libinit$$00000023  c_w.l(libinit2.o)
    0x08000202   0x08000202   0x00000000   Code   RO         2375    .ARM.Collect$$libinit$$00000025  c_w.l(libinit2.o)
    0x08000202   0x08000202   0x00000000   Code   RO         2379    .ARM.Collect$$libinit$$0000002C  c_w.l(libinit2.o)
    0x08000202   0x08000202   0x00000000   Code   RO         2381    .ARM.Collect$$libinit$$0000002E  c_w.l(libinit2.o)
    0x08000202   0x08000202   0x00000000   Code   RO         2383    .ARM.Collect$$libinit$$00000030  c_w.l(libinit2.o)
    0x08000202   0x08000202   0x00000000   Code   RO         2385    .ARM.Collect$$libinit$$00000032  c_w.l(libinit2.o)
    0x08000202   0x08000202   0x00000002   Code   RO         2386    .ARM.Collect$$libinit$$00000033  c_w.l(libinit2.o)
    0x08000204   0x08000204   0x00000002   Code   RO         2408    .ARM.Collect$$libshutdown$$00000000  c_w.l(libshutdown.o)
    0x08000206   0x08000206   0x00000000   Code   RO         2421    .ARM.Collect$$libshutdown$$00000002  c_w.l(libshutdown2.o)
    0x08000206   0x08000206   0x00000000   Code   RO         2423    .ARM.Collect$$libshutdown$$00000004  c_w.l(libshutdown2.o)
    0x08000206   0x08000206   0x00000000   Code   RO         2425    .ARM.Collect$$libshutdown$$00000006  c_w.l(libshutdown2.o)
    0x08000206   0x08000206   0x00000000   Code   RO         2428    .ARM.Collect$$libshutdown$$00000009  c_w.l(libshutdown2.o)
    0x08000206   0x08000206   0x00000000   Code   RO         2431    .ARM.Collect$$libshutdown$$0000000C  c_w.l(libshutdown2.o)
    0x08000206   0x08000206   0x00000000   Code   RO         2433    .ARM.Collect$$libshutdown$$0000000E  c_w.l(libshutdown2.o)
    0x08000206   0x08000206   0x00000000   Code   RO         2436    .ARM.Collect$$libshutdown$$00000011  c_w.l(libshutdown2.o)
    0x08000206   0x08000206   0x00000002   Code   RO         2437    .ARM.Collect$$libshutdown$$00000012  c_w.l(libshutdown2.o)
    0x08000208   0x08000208   0x00000000   Code   RO         2252    .ARM.Collect$$rtentry$$00000000  c_w.l(__rtentry.o)
    0x08000208   0x08000208   0x00000000   Code   RO         2302    .ARM.Collect$$rtentry$$00000002  c_w.l(__rtentry2.o)
    0x08000208   0x08000208   0x00000006   Code   RO         2314    .ARM.Collect$$rtentry$$00000004  c_w.l(__rtentry4.o)
    0x0800020e   0x0800020e   0x00000000   Code   RO         2304    .ARM.Collect$$rtentry$$00000009  c_w.l(__rtentry2.o)
    0x0800020e   0x0800020e   0x00000004   Code   RO         2305    .ARM.Collect$$rtentry$$0000000A  c_w.l(__rtentry2.o)
    0x08000212   0x08000212   0x00000000   Code   RO         2307    .ARM.Collect$$rtentry$$0000000C  c_w.l(__rtentry2.o)
    0x08000212   0x08000212   0x00000008   Code   RO         2308    .ARM.Collect$$rtentry$$0000000D  c_w.l(__rtentry2.o)
    0x0800021a   0x0800021a   0x00000002   Code   RO         2340    .ARM.Collect$$rtexit$$00000000  c_w.l(rtexit.o)
    0x0800021c   0x0800021c   0x00000000   Code   RO         2390    .ARM.Collect$$rtexit$$00000002  c_w.l(rtexit2.o)
    0x0800021c   0x0800021c   0x00000004   Code   RO         2391    .ARM.Collect$$rtexit$$00000003  c_w.l(rtexit2.o)
    0x08000220   0x08000220   0x00000006   Code   RO         2392    .ARM.Collect$$rtexit$$00000004  c_w.l(rtexit2.o)
    0x08000226   0x08000226   0x00000002   PAD
    0x08000228   0x08000228   0x00000040   Code   RO          233    .text               startup_stm32f407xx.o
    0x08000268   0x08000268   0x00000006   Code   RO         2202    .text               c_w.l(heapauxi.o)
    0x0800026e   0x0800026e   0x00000016   Code   RO         2253    .text               c_w.l(_rserrno.o)
    0x08000284   0x08000284   0x00000008   Code   RO         2319    .text               c_w.l(rt_errno_addr_intlibspace.o)
    0x0800028c   0x0800028c   0x00000008   Code   RO         2325    .text               c_w.l(libspace.o)
    0x08000294   0x08000294   0x0000004a   Code   RO         2328    .text               c_w.l(sys_stackheap_outer.o)
    0x080002de   0x080002de   0x00000012   Code   RO         2330    .text               c_w.l(exit.o)
    0x080002f0   0x080002f0   0x0000000c   Code   RO         2400    .text               c_w.l(sys_exit.o)
    0x080002fc   0x080002fc   0x00000002   Code   RO         2411    .text               c_w.l(use_no_semi.o)
    0x080002fe   0x080002fe   0x00000000   Code   RO         2413    .text               c_w.l(indicate_semi.o)
    0x080002fe   0x080002fe   0x00000004   Code   RO          151    i.BusFault_Handler  system_timetick.o
    0x08000302   0x08000302   0x00000002   PAD
    0x08000304   0x08000304   0x00000088   Code   RO          240    i.DMA1_Stream2_IRQHandler  driver.o
    0x0800038c   0x0800038c   0x00000034   Code   RO         1185    i.DMA_ClearITPendingBit  stm32f4xx_dma.o
    0x080003c0   0x080003c0   0x00000016   Code   RO         1186    i.DMA_Cmd           stm32f4xx_dma.o
    0x080003d6   0x080003d6   0x0000003a   Code   RO         1197    i.DMA_ITConfig      stm32f4xx_dma.o
    0x08000410   0x08000410   0x00000058   Code   RO         1198    i.DMA_Init          stm32f4xx_dma.o
    0x08000468   0x08000468   0x00000002   Code   RO          152    i.DebugMon_Handler  system_timetick.o
    0x0800046a   0x0800046a   0x00000002   PAD
    0x0800046c   0x0800046c   0x00000060   Code   RO          241    i.Deg2Pulse         driver.o
    0x080004cc   0x080004cc   0x00000090   Code   RO          789    i.GPIO_Init         stm32f4xx_gpio.o
    0x0800055c   0x0800055c   0x00000046   Code   RO          790    i.GPIO_PinAFConfig  stm32f4xx_gpio.o
    0x080005a2   0x080005a2   0x00000004   Code   RO          796    i.GPIO_ResetBits    stm32f4xx_gpio.o
    0x080005a6   0x080005a6   0x00000004   Code   RO          797    i.GPIO_SetBits      stm32f4xx_gpio.o
    0x080005aa   0x080005aa   0x00000004   Code   RO          153    i.HardFault_Handler  system_timetick.o
    0x080005ae   0x080005ae   0x00000004   Code   RO          154    i.MemManage_Handler  system_timetick.o
    0x080005b2   0x080005b2   0x00000002   Code   RO          155    i.NMI_Handler       system_timetick.o
    0x080005b4   0x080005b4   0x00000078   Code   RO          890    i.NVIC_Init         misc.o
    0x0800062c   0x0800062c   0x00000264   Code   RO          243    i.PID_SpeedController  driver.o
    0x08000890   0x08000890   0x00000080   Code   RO          244    i.PWM0_Set_Duty     driver.o
    0x08000910   0x08000910   0x0000002c   Code   RO          245    i.PWM0_Set_Freq     driver.o
    0x0800093c   0x0800093c   0x00000002   Code   RO          156    i.PendSV_Handler    system_timetick.o
    0x0800093e   0x0800093e   0x00000002   PAD
    0x08000940   0x08000940   0x00000020   Code   RO          456    i.RCC_AHB1PeriphClockCmd  stm32f4xx_rcc.o
    0x08000960   0x08000960   0x00000020   Code   RO          465    i.RCC_APB1PeriphClockCmd  stm32f4xx_rcc.o
    0x08000980   0x08000980   0x00000020   Code   RO          468    i.RCC_APB2PeriphClockCmd  stm32f4xx_rcc.o
    0x080009a0   0x080009a0   0x000000e8   Code   RO          477    i.RCC_GetClocksFreq  stm32f4xx_rcc.o
    0x08000a88   0x08000a88   0x00000002   Code   RO          157    i.SVC_Handler       system_timetick.o
    0x08000a8a   0x08000a8a   0x00000002   PAD
    0x08000a8c   0x08000a8c   0x000000ec   Code   RO            4    i.SetSysClock       system_stm32f4xx.o
    0x08000b78   0x08000b78   0x0000001c   Code   RO          158    i.SysTick_Handler   system_timetick.o
    0x08000b94   0x08000b94   0x00000068   Code   RO            6    i.SystemInit        system_stm32f4xx.o
    0x08000bfc   0x08000bfc   0x0000003a   Code   RO         1376    i.TI1_Config        stm32f4xx_tim.o
    0x08000c36   0x08000c36   0x00000050   Code   RO         1377    i.TI2_Config        stm32f4xx_tim.o
    0x08000c86   0x08000c86   0x00000048   Code   RO         1378    i.TI3_Config        stm32f4xx_tim.o
    0x08000cce   0x08000cce   0x00000050   Code   RO         1379    i.TI4_Config        stm32f4xx_tim.o
    0x08000d1e   0x08000d1e   0x00000002   PAD
    0x08000d20   0x08000d20   0x000000b4   Code   RO          246    i.TIM3_IRQHandler   driver.o
    0x08000dd4   0x08000dd4   0x00000044   Code   RO          247    i.TIM5_IRQHandler   driver.o
    0x08000e18   0x08000e18   0x00000006   Code   RO         1387    i.TIM_ClearITPendingBit  stm32f4xx_tim.o
    0x08000e1e   0x08000e1e   0x00000018   Code   RO         1392    i.TIM_Cmd           stm32f4xx_tim.o
    0x08000e36   0x08000e36   0x00000042   Code   RO         1401    i.TIM_EncoderInterfaceConfig  stm32f4xx_tim.o
    0x08000e78   0x08000e78   0x00000006   Code   RO         1410    i.TIM_GetCapture4   stm32f4xx_tim.o
    0x08000e7e   0x08000e7e   0x00000022   Code   RO         1413    i.TIM_GetITStatus   stm32f4xx_tim.o
    0x08000ea0   0x08000ea0   0x0000006e   Code   RO         1415    i.TIM_ICInit        stm32f4xx_tim.o
    0x08000f0e   0x08000f0e   0x00000012   Code   RO         1417    i.TIM_ITConfig      stm32f4xx_tim.o
    0x08000f20   0x08000f20   0x0000007c   Code   RO         1421    i.TIM_OC1Init       stm32f4xx_tim.o
    0x08000f9c   0x08000f9c   0x00000012   Code   RO         1424    i.TIM_OC1PreloadConfig  stm32f4xx_tim.o
    0x08000fae   0x08000fae   0x00000012   Code   RO         1459    i.TIM_SetIC1Prescaler  stm32f4xx_tim.o
    0x08000fc0   0x08000fc0   0x0000001a   Code   RO         1460    i.TIM_SetIC2Prescaler  stm32f4xx_tim.o
    0x08000fda   0x08000fda   0x00000012   Code   RO         1461    i.TIM_SetIC3Prescaler  stm32f4xx_tim.o
    0x08000fec   0x08000fec   0x0000001a   Code   RO         1462    i.TIM_SetIC4Prescaler  stm32f4xx_tim.o
    0x08001006   0x08001006   0x00000002   PAD
    0x08001008   0x08001008   0x00000084   Code   RO         1464    i.TIM_TimeBaseInit  stm32f4xx_tim.o
    0x0800108c   0x0800108c   0x00000018   Code   RO         1946    i.USART_Cmd         stm32f4xx_usart.o
    0x080010a4   0x080010a4   0x00000012   Code   RO         1947    i.USART_DMACmd      stm32f4xx_usart.o
    0x080010b6   0x080010b6   0x00000002   PAD
    0x080010b8   0x080010b8   0x000000d4   Code   RO         1953    i.USART_Init        stm32f4xx_usart.o
    0x0800118c   0x0800118c   0x00000004   Code   RO          159    i.UsageFault_Handler  system_timetick.o
    0x08001190   0x08001190   0x00000030   Code   RO         2284    i.__ARM_fpclassify  m_wm.l(fpclassify.o)
    0x080011c0   0x080011c0   0x00000c50   Code   RO         2238    i.__hardfp_pow      m_wm.l(pow.o)
    0x08001e10   0x08001e10   0x000000f8   Code   RO         2286    i.__kernel_poly     m_wm.l(poly.o)
    0x08001f08   0x08001f08   0x00000030   Code   RO         2264    i.__mathlib_dbl_divzero  m_wm.l(dunder.o)
    0x08001f38   0x08001f38   0x00000014   Code   RO         2266    i.__mathlib_dbl_infnan2  m_wm.l(dunder.o)
    0x08001f4c   0x08001f4c   0x00000004   PAD
    0x08001f50   0x08001f50   0x00000020   Code   RO         2267    i.__mathlib_dbl_invalid  m_wm.l(dunder.o)
    0x08001f70   0x08001f70   0x00000020   Code   RO         2268    i.__mathlib_dbl_overflow  m_wm.l(dunder.o)
    0x08001f90   0x08001f90   0x00000020   Code   RO         2270    i.__mathlib_dbl_underflow  m_wm.l(dunder.o)
    0x08001fb0   0x08001fb0   0x0000008c   Code   RO          248    i.chuyenma          driver.o
    0x0800203c   0x0800203c   0x00000130   Code   RO          416    i.controller        fuzzycontroller.o
    0x0800216c   0x0800216c   0x00000044   Code   RO          250    i.delay_us          driver.o
    0x080021b0   0x080021b0   0x00000018   Code   RO         2280    i.fabs              m_wm.l(fabs.o)
    0x080021c8   0x080021c8   0x00000424   Code   RO          417    i.fuzzyController   fuzzycontroller.o
    0x080025ec   0x080025ec   0x000000e8   Code   RO          418    i.hlt_hinhthang     fuzzycontroller.o
    0x080026d4   0x080026d4   0x00000448   Code   RO          251    i.init_main         driver.o
    0x08002b1c   0x08002b1c   0x00000138   Code   RO          375    i.main              test.o
    0x08002c54   0x08002c54   0x0000005e   Code   RO          419    i.saturation        fuzzycontroller.o
    0x08002cb2   0x08002cb2   0x0000006e   Code   RO         2291    i.sqrt              m_wm.l(sqrt.o)
    0x08002d20   0x08002d20   0x00000018   Code   RO         2206    x$fpl$basic         fz_wm.l(basic.o)
    0x08002d38   0x08002d38   0x00000150   Code   RO         2208    x$fpl$dadd          fz_wm.l(daddsub_clz.o)
    0x08002e88   0x08002e88   0x00000010   Code   RO         2321    x$fpl$dcheck1       fz_wm.l(dcheck1.o)
    0x08002e98   0x08002e98   0x00000018   Code   RO         2255    x$fpl$dcmpinf       fz_wm.l(dcmpi.o)
    0x08002eb0   0x08002eb0   0x000002b0   Code   RO         2215    x$fpl$ddiv          fz_wm.l(ddiv.o)
    0x08003160   0x08003160   0x0000005e   Code   RO         2218    x$fpl$dfix          fz_wm.l(dfix.o)
    0x080031be   0x080031be   0x00000002   PAD
    0x080031c0   0x080031c0   0x0000005a   Code   RO         2222    x$fpl$dfixu         fz_wm.l(dfixu.o)
    0x0800321a   0x0800321a   0x0000002e   Code   RO         2227    x$fpl$dflt          fz_wm.l(dflt_clz.o)
    0x08003248   0x08003248   0x00000026   Code   RO         2226    x$fpl$dfltu         fz_wm.l(dflt_clz.o)
    0x0800326e   0x0800326e   0x00000002   PAD
    0x08003270   0x08003270   0x00000078   Code   RO         2232    x$fpl$dleqf         fz_wm.l(dleqf.o)
    0x080032e8   0x080032e8   0x00000154   Code   RO         2234    x$fpl$dmul          fz_wm.l(dmul.o)
    0x0800343c   0x0800343c   0x0000009c   Code   RO         2257    x$fpl$dnaninf       fz_wm.l(dnaninf.o)
    0x080034d8   0x080034d8   0x0000000c   Code   RO         2259    x$fpl$dretinf       fz_wm.l(dretinf.o)
    0x080034e4   0x080034e4   0x0000006c   Code   RO         2236    x$fpl$drleqf        fz_wm.l(drleqf.o)
    0x08003550   0x08003550   0x00000016   Code   RO         2209    x$fpl$drsb          fz_wm.l(daddsub_clz.o)
    0x08003566   0x08003566   0x00000002   PAD
    0x08003568   0x08003568   0x00000198   Code   RO         2323    x$fpl$dsqrt         fz_wm.l(dsqrt_umaal.o)
    0x08003700   0x08003700   0x000001d4   Code   RO         2210    x$fpl$dsub          fz_wm.l(daddsub_clz.o)
    0x080038d4   0x080038d4   0x0000000a   Code   RO         2398    x$fpl$fpinit        fz_wm.l(fpinit.o)
    0x080038de   0x080038de   0x00000064   Code   RO         2338    x$fpl$retnan        fz_wm.l(retnan.o)
    0x08003942   0x08003942   0x0000005c   Code   RO         2261    x$fpl$scalbn        fz_wm.l(scalbn.o)
    0x0800399e   0x0800399e   0x00000030   Code   RO         2387    x$fpl$trapveneer    fz_wm.l(trapv.o)
    0x080039ce   0x080039ce   0x00000000   Code   RO         2263    x$fpl$usenofp       fz_wm.l(usenofp.o)
    0x080039ce   0x080039ce   0x00000002   PAD
    0x080039d0   0x080039d0   0x00000088   Data   RO         2241    .constdata          m_wm.l(pow.o)
    0x08003a58   0x08003a58   0x00000008   Data   RO         2288    .constdata          m_wm.l(qnan.o)
    0x08003a60   0x08003a60   0x00000020   Data   RO         2468    Region$$Table       anon$$obj.o


    Execution Region RW_IRAM1 (Exec base: 0x20000000, Load base: 0x08003a80, Size: 0x00000758, Max: 0x00020000, ABSOLUTE)

    Exec Addr    Load Addr    Size         Type   Attr      Idx    E Section Name        Object

    0x20000000   0x08003a80   0x00000014   Data   RW            7    .data               system_stm32f4xx.o
    0x20000014   0x08003a94   0x00000008   Data   RW          160    .data               system_timetick.o
    0x2000001c   0x08003a9c   0x00000004   PAD
    0x20000020   0x08003aa0   0x000000a8   Data   RW          252    .data               driver.o
    0x200000c8   0x08003b48   0x00000010   Data   RW          376    .data               test.o
    0x200000d8   0x08003b58   0x00000010   Data   RW          420    .data               fuzzycontroller.o
    0x200000e8   0x08003b68   0x00000010   Data   RW          508    .data               stm32f4xx_rcc.o
    0x200000f8        -       0x00000060   Zero   RW         2326    .bss                c_w.l(libspace.o)
    0x20000158        -       0x00000200   Zero   RW          231    HEAP                startup_stm32f407xx.o
    0x20000358        -       0x00000400   Zero   RW          230    STACK               startup_stm32f407xx.o


==============================================================================

Image component sizes


      Code (inc. data)   RO Data    RW Data    ZI Data      Debug   Object Name

      2568        272          0        168          0     237095   driver.o
      1690        272          0         16          0       3938   fuzzycontroller.o
       120         14          0          0          0       1164   misc.o
        64         26        392          0       1536        796   startup_stm32f407xx.o
       220         20          0          0          0       3840   stm32f4xx_dma.o
       222          0          0          0          0       3055   stm32f4xx_gpio.o
       328         36          0         16          0       4779   stm32f4xx_rcc.o
       916         38          0          0          0      12587   stm32f4xx_tim.o
       254          8          0          0          0       2836   stm32f4xx_usart.o
       340         32          0         20          0     293425   system_stm32f4xx.o
        52         10          0          8          0       4077   system_timetick.o
       312         84          0         16          0      31066   test.o

    ----------------------------------------------------------------------
      7100        812        424        248       1536     598658   Object Totals
         0          0         32          0          0          0   (incl. Generated)
        14          0          0          4          0          0   (incl. Padding)

    ----------------------------------------------------------------------

      Code (inc. data)   RO Data    RW Data    ZI Data      Debug   Library Member Name

         8          0          0          0          0         68   __main.o
         0          0          0          0          0          0   __rtentry.o
        12          0          0          0          0          0   __rtentry2.o
         6          0          0          0          0          0   __rtentry4.o
        52          8          0          0          0          0   __scatter.o
        26          0          0          0          0          0   __scatter_copy.o
        28          0          0          0          0          0   __scatter_zi.o
        22          0          0          0          0        100   _rserrno.o
        18          0          0          0          0         80   exit.o
         6          0          0          0          0        152   heapauxi.o
         0          0          0          0          0          0   indicate_semi.o
         2          0          0          0          0          0   libinit.o
         6          0          0          0          0          0   libinit2.o
         2          0          0          0          0          0   libshutdown.o
         2          0          0          0          0          0   libshutdown2.o
         8          4          0          0         96         68   libspace.o
         8          4          0          0          0         68   rt_errno_addr_intlibspace.o
         2          0          0          0          0          0   rtexit.o
        10          0          0          0          0          0   rtexit2.o
        12          4          0          0          0         68   sys_exit.o
        74          0          0          0          0         80   sys_stackheap_outer.o
         2          0          0          0          0         68   use_no_semi.o
        24          0          0          0          0        164   basic.o
       826         16          0          0          0        492   daddsub_clz.o
        16          4          0          0          0        116   dcheck1.o
        24          0          0          0          0        116   dcmpi.o
       688        140          0          0          0        256   ddiv.o
        94          4          0          0          0        140   dfix.o
        90          4          0          0          0        140   dfixu.o
        84          0          0          0          0        232   dflt_clz.o
       120          4          0          0          0        140   dleqf.o
       340         12          0          0          0        152   dmul.o
       156          4          0          0          0        140   dnaninf.o
        12          0          0          0          0        116   dretinf.o
       108          0          0          0          0        128   drleqf.o
       408         56          0          0          0        168   dsqrt_umaal.o
        10          0          0          0          0        116   fpinit.o
       100          0          0          0          0        116   retnan.o
        92          0          0          0          0        116   scalbn.o
        48          0          0          0          0        116   trapv.o
         0          0          0          0          0          0   usenofp.o
       164         44          0          0          0        620   dunder.o
        24          0          0          0          0        124   fabs.o
        48          0          0          0          0        124   fpclassify.o
       248          0          0          0          0        152   poly.o
      3152        296        136          0          0        352   pow.o
         0          0          8          0          0          0   qnan.o
       110          0          0          0          0        148   sqrt.o

    ----------------------------------------------------------------------
      7308        604        144          0         96       5236   Library Totals
        16          0          0          0          0          0   (incl. Padding)

    ----------------------------------------------------------------------

      Code (inc. data)   RO Data    RW Data    ZI Data      Debug   Library Name

       306         20          0          0         96        752   c_w.l
      3240        244          0          0          0       2964   fz_wm.l
      3746        340        144          0          0       1520   m_wm.l

    ----------------------------------------------------------------------
      7308        604        144          0         96       5236   Library Totals

    ----------------------------------------------------------------------

==============================================================================


      Code (inc. data)   RO Data    RW Data    ZI Data      Debug   

     14408       1416        568        248       1632     595134   Grand Totals
     14408       1416        568        248       1632     595134   ELF Image Totals
     14408       1416        568        248          0          0   ROM Totals

==============================================================================

    Total RO  Size (Code + RO Data)                14976 (  14.63kB)
    Total RW  Size (RW Data + ZI Data)              1880 (   1.84kB)
    Total ROM Size (Code + RO Data + RW Data)      15224 (  14.87kB)

==============================================================================

